Nov  2 05:41:35 ladiesman461-laptop rsyslogd: [origin software="rsyslogd" swVersion="8.12.0" x-pid="503" x-info="http://www.rsyslog.com"] start
Nov  2 05:41:35 ladiesman461-laptop rsyslogd-2222: command 'KLogPermitNonKernelFacility' is currently not permitted - did you already set it via a RainerScript command (v6+ config)? [v8.12.0 try http://www.rsyslog.com/e/2222 ]
Nov  2 05:41:35 ladiesman461-laptop rsyslogd: rsyslogd's groupid changed to 109
Nov  2 05:41:35 ladiesman461-laptop rsyslogd: rsyslogd's userid changed to 104
Nov  2 05:41:35 ladiesman461-laptop rsyslogd-2039: Could not open output pipe '/dev/xconsole':: Permission denied [v8.12.0 try http://www.rsyslog.com/e/2039 ]
Nov  2 05:41:35 ladiesman461-laptop rsyslogd-2007: action 'action 10' suspended, next retry is Mon Nov  2 05:42:05 2015 [v8.12.0 try http://www.rsyslog.com/e/2007 ]
Nov  2 05:41:35 ladiesman461-laptop kernel: [    0.000000] Initializing cgroup subsys cpuset
Nov  2 05:41:35 ladiesman461-laptop kernel: [    0.000000] Initializing cgroup subsys cpu
Nov  2 05:41:35 ladiesman461-laptop kernel: [    0.000000] Initializing cgroup subsys cpuacct
Nov  2 05:41:35 ladiesman461-laptop kernel: [    0.000000] Linux version 4.2.0-16-generic (buildd@lgw01-22) (gcc version 5.2.1 20151003 (Ubuntu 5.2.1-21ubuntu2) ) #19-Ubuntu SMP Thu Oct 8 14:46:51 UTC 2015 (Ubuntu 4.2.0-16.19-generic 4.2.3)
Nov  2 05:41:35 ladiesman461-laptop kernel: [    0.000000] KERNEL supported cpus:
Nov  2 05:41:35 ladiesman461-laptop kernel: [    0.000000]   Intel GenuineIntel
Nov  2 05:41:35 ladiesman461-laptop kernel: [    0.000000]   AMD AuthenticAMD
Nov  2 05:41:35 ladiesman461-laptop kernel: [    0.000000]   NSC Geode by NSC
Nov  2 05:41:35 ladiesman461-laptop kernel: [    0.000000]   Cyrix CyrixInstead
Nov  2 05:41:35 ladiesman461-laptop kernel: [    0.000000]   Centaur CentaurHauls
Nov  2 05:41:35 ladiesman461-laptop kernel: [    0.000000]   Transmeta GenuineTMx86
Nov  2 05:41:35 ladiesman461-laptop kernel: [    0.000000]   Transmeta TransmetaCPU
Nov  2 05:41:35 ladiesman461-laptop kernel: [    0.000000]   UMC UMC UMC UMC
Nov  2 05:41:35 ladiesman461-laptop kernel: [    0.000000] x86/fpu: xstate_offset[2]: 0240, xstate_sizes[2]: 0100
Nov  2 05:41:35 ladiesman461-laptop kernel: [    0.000000] x86/fpu: Supporting XSAVE feature 0x01: 'x87 floating point registers'
Nov  2 05:41:35 ladiesman461-laptop kernel: [    0.000000] x86/fpu: Supporting XSAVE feature 0x02: 'SSE registers'
Nov  2 05:41:35 ladiesman461-laptop kernel: [    0.000000] x86/fpu: Supporting XSAVE feature 0x04: 'AVX registers'
Nov  2 05:41:35 ladiesman461-laptop kernel: [    0.000000] x86/fpu: Enabled xstate features 0x7, context size is 0x340 bytes, using 'standard' format.
Nov  2 05:41:35 ladiesman461-laptop kernel: [    0.000000] x86/fpu: Using 'lazy' FPU context switches.
Nov  2 05:41:35 ladiesman461-laptop kernel: [    0.000000] e820: BIOS-provided physical RAM map:
Nov  2 05:41:35 ladiesman461-laptop kernel: [    0.000000] BIOS-e820: [mem 0x0000000000000000-0x000000000009fbff] usable
Nov  2 05:41:35 ladiesman461-laptop kernel: [    0.000000] BIOS-e820: [mem 0x000000000009fc00-0x000000000009ffff] reserved
Nov  2 05:41:35 ladiesman461-laptop kernel: [    0.000000] BIOS-e820: [mem 0x00000000000f0000-0x00000000000fffff] reserved
Nov  2 05:41:35 ladiesman461-laptop kernel: [    0.000000] BIOS-e820: [mem 0x0000000000100000-0x000000002ffeffff] usable
Nov  2 05:41:35 ladiesman461-laptop kernel: [    0.000000] BIOS-e820: [mem 0x000000002fff0000-0x000000002fffffff] ACPI data
Nov  2 05:41:35 ladiesman461-laptop kernel: [    0.000000] BIOS-e820: [mem 0x00000000fffc0000-0x00000000ffffffff] reserved
Nov  2 05:41:35 ladiesman461-laptop kernel: [    0.000000] NX (Execute Disable) protection: active
Nov  2 05:41:35 ladiesman461-laptop kernel: [    0.000000] SMBIOS 2.5 present.
Nov  2 05:41:35 ladiesman461-laptop kernel: [    0.000000] DMI: innotek GmbH VirtualBox/VirtualBox, BIOS VirtualBox 12/01/2006
Nov  2 05:41:35 ladiesman461-laptop kernel: [    0.000000] Hypervisor detected: KVM
Nov  2 05:41:35 ladiesman461-laptop kernel: [    0.000000] e820: update [mem 0x00000000-0x00000fff] usable ==> reserved
Nov  2 05:41:35 ladiesman461-laptop kernel: [    0.000000] e820: remove [mem 0x000a0000-0x000fffff] usable
Nov  2 05:41:35 ladiesman461-laptop kernel: [    0.000000] e820: last_pfn = 0x2fff0 max_arch_pfn = 0x1000000
Nov  2 05:41:35 ladiesman461-laptop kernel: [    0.000000] MTRR default type: uncachable
Nov  2 05:41:35 ladiesman461-laptop kernel: [    0.000000] MTRR variable ranges disabled:
Nov  2 05:41:35 ladiesman461-laptop kernel: [    0.000000] x86/PAT: Configuration [0-7]: WB  WC  UC- UC  WB  WC  UC- WT  
Nov  2 05:41:35 ladiesman461-laptop kernel: [    0.000000] MTRR: Disabled
Nov  2 05:41:35 ladiesman461-laptop kernel: [    0.000000] CPU MTRRs all blank - virtualized system.
Nov  2 05:41:35 ladiesman461-laptop kernel: [    0.000000] Scanning 1 areas for low memory corruption
Nov  2 05:41:35 ladiesman461-laptop kernel: [    0.000000] initial memory mapped: [mem 0x00000000-0x021fffff]
Nov  2 05:41:35 ladiesman461-laptop kernel: [    0.000000] Base memory trampoline at [c009b000] 9b000 size 16384
Nov  2 05:41:35 ladiesman461-laptop kernel: [    0.000000] init_memory_mapping: [mem 0x00000000-0x000fffff]
Nov  2 05:41:35 ladiesman461-laptop kernel: [    0.000000]  [mem 0x00000000-0x000fffff] page 4k
Nov  2 05:41:35 ladiesman461-laptop kernel: [    0.000000] init_memory_mapping: [mem 0x2fc00000-0x2fdfffff]
Nov  2 05:41:35 ladiesman461-laptop kernel: [    0.000000]  [mem 0x2fc00000-0x2fdfffff] page 2M
Nov  2 05:41:35 ladiesman461-laptop kernel: [    0.000000] init_memory_mapping: [mem 0x20000000-0x2fbfffff]
Nov  2 05:41:35 ladiesman461-laptop kernel: [    0.000000]  [mem 0x20000000-0x2fbfffff] page 2M
Nov  2 05:41:35 ladiesman461-laptop kernel: [    0.000000] init_memory_mapping: [mem 0x00100000-0x1fffffff]
Nov  2 05:41:35 ladiesman461-laptop kernel: [    0.000000]  [mem 0x00100000-0x001fffff] page 4k
Nov  2 05:41:35 ladiesman461-laptop kernel: [    0.000000]  [mem 0x00200000-0x1fffffff] page 2M
Nov  2 05:41:35 ladiesman461-laptop kernel: [    0.000000] init_memory_mapping: [mem 0x2fe00000-0x2ffeffff]
Nov  2 05:41:35 ladiesman461-laptop kernel: [    0.000000]  [mem 0x2fe00000-0x2ffeffff] page 4k
Nov  2 05:41:35 ladiesman461-laptop kernel: [    0.000000] BRK [0x01cdc000, 0x01cdcfff] PGTABLE
Nov  2 05:41:35 ladiesman461-laptop kernel: [    0.000000] BRK [0x01cdd000, 0x01cddfff] PGTABLE
Nov  2 05:41:35 ladiesman461-laptop kernel: [    0.000000] RAMDISK: [mem 0x2d549000-0x2f4b4fff]
Nov  2 05:41:35 ladiesman461-laptop kernel: [    0.000000] ACPI: Early table checksum verification disabled
Nov  2 05:41:35 ladiesman461-laptop kernel: [    0.000000] ACPI: RSDP 0x00000000000E0000 000024 (v02 VBOX  )
Nov  2 05:41:35 ladiesman461-laptop kernel: [    0.000000] ACPI: XSDT 0x000000002FFF0030 000034 (v01 VBOX   VBOXXSDT 00000001 ASL  00000061)
Nov  2 05:41:35 ladiesman461-laptop kernel: [    0.000000] ACPI: FACP 0x000000002FFF00F0 0000F4 (v04 VBOX   VBOXFACP 00000001 ASL  00000061)
Nov  2 05:41:35 ladiesman461-laptop kernel: [    0.000000] ACPI: DSDT 0x000000002FFF0410 001CEB (v01 VBOX   VBOXBIOS 00000002 INTL 20100528)
Nov  2 05:41:35 ladiesman461-laptop kernel: [    0.000000] ACPI: FACS 0x000000002FFF0200 000040
Nov  2 05:41:35 ladiesman461-laptop kernel: [    0.000000] ACPI: FACS 0x000000002FFF0200 000040
Nov  2 05:41:35 ladiesman461-laptop kernel: [    0.000000] ACPI: SSDT 0x000000002FFF0240 0001CC (v01 VBOX   VBOXCPUT 00000002 INTL 20100528)
Nov  2 05:41:35 ladiesman461-laptop kernel: [    0.000000] 0MB HIGHMEM available.
Nov  2 05:41:35 ladiesman461-laptop kernel: [    0.000000] 767MB LOWMEM available.
Nov  2 05:41:35 ladiesman461-laptop kernel: [    0.000000]   mapped low ram: 0 - 2fff0000
Nov  2 05:41:35 ladiesman461-laptop kernel: [    0.000000]   low ram: 0 - 2fff0000
Nov  2 05:41:35 ladiesman461-laptop kernel: [    0.000000] kvm-clock: Using msrs 4b564d01 and 4b564d00
Nov  2 05:41:35 ladiesman461-laptop kernel: [    0.000000] kvm-clock: cpu 0, msr 0:2ffef001, primary cpu clock
Nov  2 05:41:35 ladiesman461-laptop kernel: [    0.000000] clocksource: kvm-clock: mask: 0xffffffffffffffff max_cycles: 0x1cd42e4dffb, max_idle_ns: 881590591483 ns
Nov  2 05:41:35 ladiesman461-laptop kernel: [    0.000000] Zone ranges:
Nov  2 05:41:35 ladiesman461-laptop kernel: [    0.000000]   DMA      [mem 0x0000000000001000-0x0000000000ffffff]
Nov  2 05:41:35 ladiesman461-laptop kernel: [    0.000000]   Normal   [mem 0x0000000001000000-0x000000002ffeffff]
Nov  2 05:41:35 ladiesman461-laptop kernel: [    0.000000]   HighMem  empty
Nov  2 05:41:35 ladiesman461-laptop kernel: [    0.000000] Movable zone start for each node
Nov  2 05:41:35 ladiesman461-laptop kernel: [    0.000000] Early memory node ranges
Nov  2 05:41:35 ladiesman461-laptop kernel: [    0.000000]   node   0: [mem 0x0000000000001000-0x000000000009efff]
Nov  2 05:41:35 ladiesman461-laptop kernel: [    0.000000]   node   0: [mem 0x0000000000100000-0x000000002ffeffff]
Nov  2 05:41:35 ladiesman461-laptop kernel: [    0.000000] Initmem setup node 0 [mem 0x0000000000001000-0x000000002ffeffff]
Nov  2 05:41:35 ladiesman461-laptop kernel: [    0.000000] On node 0 totalpages: 196494
Nov  2 05:41:35 ladiesman461-laptop kernel: [    0.000000]   DMA zone: 40 pages used for memmap
Nov  2 05:41:35 ladiesman461-laptop kernel: [    0.000000]   DMA zone: 0 pages reserved
Nov  2 05:41:35 ladiesman461-laptop kernel: [    0.000000]   DMA zone: 3998 pages, LIFO batch:0
Nov  2 05:41:35 ladiesman461-laptop kernel: [    0.000000]   Normal zone: 1880 pages used for memmap
Nov  2 05:41:35 ladiesman461-laptop kernel: [    0.000000]   Normal zone: 192496 pages, LIFO batch:31
Nov  2 05:41:35 ladiesman461-laptop kernel: [    0.000000] Using APIC driver default
Nov  2 05:41:35 ladiesman461-laptop kernel: [    0.000000] ACPI: PM-Timer IO Port: 0x4008
Nov  2 05:41:35 ladiesman461-laptop kernel: [    0.000000] smpboot: Allowing 1 CPUs, 0 hotplug CPUs
Nov  2 05:41:35 ladiesman461-laptop kernel: [    0.000000] Found and enabled local APIC!
Nov  2 05:41:35 ladiesman461-laptop kernel: [    0.000000] PM: Registered nosave memory: [mem 0x00000000-0x00000fff]
Nov  2 05:41:35 ladiesman461-laptop kernel: [    0.000000] PM: Registered nosave memory: [mem 0x0009f000-0x0009ffff]
Nov  2 05:41:35 ladiesman461-laptop kernel: [    0.000000] PM: Registered nosave memory: [mem 0x000a0000-0x000effff]
Nov  2 05:41:35 ladiesman461-laptop kernel: [    0.000000] PM: Registered nosave memory: [mem 0x000f0000-0x000fffff]
Nov  2 05:41:35 ladiesman461-laptop kernel: [    0.000000] e820: [mem 0x30000000-0xfffbffff] available for PCI devices
Nov  2 05:41:35 ladiesman461-laptop kernel: [    0.000000] Booting paravirtualized kernel on KVM
Nov  2 05:41:35 ladiesman461-laptop kernel: [    0.000000] clocksource: refined-jiffies: mask: 0xffffffff max_cycles: 0xffffffff, max_idle_ns: 7645519600211568 ns
Nov  2 05:41:35 ladiesman461-laptop kernel: [    0.000000] setup_percpu: NR_CPUS:8 nr_cpumask_bits:8 nr_cpu_ids:1 nr_node_ids:1
Nov  2 05:41:35 ladiesman461-laptop kernel: [    0.000000] PERCPU: Embedded 19 pages/cpu @ef5c1000 s47116 r0 d30708 u77824
Nov  2 05:41:35 ladiesman461-laptop kernel: [    0.000000] pcpu-alloc: s47116 r0 d30708 u77824 alloc=19*4096
Nov  2 05:41:35 ladiesman461-laptop kernel: [    0.000000] pcpu-alloc: [0] 0 
Nov  2 05:41:35 ladiesman461-laptop kernel: [    0.000000] PV qspinlock hash table entries: 512 (order: 0, 4096 bytes)
Nov  2 05:41:35 ladiesman461-laptop kernel: [    0.000000] Built 1 zonelists in Zone order, mobility grouping on.  Total pages: 194574
Nov  2 05:41:35 ladiesman461-laptop kernel: [    0.000000] Kernel command line: BOOT_IMAGE=/boot/vmlinuz-4.2.0-16-generic root=UUID=c17c0b19-8706-4fb3-8ca6-2c87c4447592 ro quiet splash
Nov  2 05:41:35 ladiesman461-laptop kernel: [    0.000000] PID hash table entries: 4096 (order: 2, 16384 bytes)
Nov  2 05:41:35 ladiesman461-laptop kernel: [    0.000000] Dentry cache hash table entries: 131072 (order: 7, 524288 bytes)
Nov  2 05:41:35 ladiesman461-laptop kernel: [    0.000000] Inode-cache hash table entries: 65536 (order: 6, 262144 bytes)
Nov  2 05:41:35 ladiesman461-laptop kernel: [    0.000000] Initializing CPU#0
Nov  2 05:41:35 ladiesman461-laptop kernel: [    0.000000] Initializing HighMem for node 0 (00000000:00000000)
Nov  2 05:41:35 ladiesman461-laptop kernel: [    0.000000] Memory: 729320K/785976K available (7574K kernel code, 738K rwdata, 3020K rodata, 928K init, 796K bss, 56656K reserved, 0K cma-reserved, 0K highmem)
Nov  2 05:41:35 ladiesman461-laptop kernel: [    0.000000] virtual kernel memory layout:
Nov  2 05:41:35 ladiesman461-laptop kernel: [    0.000000]     fixmap  : 0xfff15000 - 0xfffff000   ( 936 kB)
Nov  2 05:41:35 ladiesman461-laptop kernel: [    0.000000]     pkmap   : 0xffc00000 - 0xffe00000   (2048 kB)
Nov  2 05:41:35 ladiesman461-laptop kernel: [    0.000000]     vmalloc : 0xf07f0000 - 0xffbfe000   ( 244 MB)
Nov  2 05:41:35 ladiesman461-laptop kernel: [    0.000000]     lowmem  : 0xc0000000 - 0xefff0000   ( 767 MB)
Nov  2 05:41:35 ladiesman461-laptop kernel: [    0.000000]       .init : 0xc1b14000 - 0xc1bfc000   ( 928 kB)
Nov  2 05:41:35 ladiesman461-laptop kernel: [    0.000000]       .data : 0xc1765bf0 - 0xc1b12a40   (3763 kB)
Nov  2 05:41:35 ladiesman461-laptop kernel: [    0.000000]       .text : 0xc1000000 - 0xc1765bf0   (7574 kB)
Nov  2 05:41:35 ladiesman461-laptop kernel: [    0.000000] Checking if this processor honours the WP bit even in supervisor mode...Ok.
Nov  2 05:41:35 ladiesman461-laptop kernel: [    0.000000] SLUB: HWalign=64, Order=0-3, MinObjects=0, CPUs=1, Nodes=1
Nov  2 05:41:35 ladiesman461-laptop kernel: [    0.000000] Hierarchical RCU implementation.
Nov  2 05:41:35 ladiesman461-laptop kernel: [    0.000000] 	Build-time adjustment of leaf fanout to 32.
Nov  2 05:41:35 ladiesman461-laptop kernel: [    0.000000] 	RCU restricting CPUs from NR_CPUS=8 to nr_cpu_ids=1.
Nov  2 05:41:35 ladiesman461-laptop kernel: [    0.000000] RCU: Adjusting geometry for rcu_fanout_leaf=32, nr_cpu_ids=1
Nov  2 05:41:35 ladiesman461-laptop kernel: [    0.000000] NR_IRQS:2304 nr_irqs:32 16
Nov  2 05:41:35 ladiesman461-laptop kernel: [    0.000000] CPU 0 irqstacks, hard=ed032000 soft=ed034000
Nov  2 05:41:35 ladiesman461-laptop kernel: [    0.000000] Console: colour VGA+ 80x25
Nov  2 05:41:35 ladiesman461-laptop kernel: [    0.000000] console [tty0] enabled
Nov  2 05:41:35 ladiesman461-laptop kernel: [    0.000000] tsc: Detected 2893.406 MHz processor
Nov  2 05:41:35 ladiesman461-laptop kernel: [    4.098913] Calibrating delay loop (skipped) preset value.. 5786.81 BogoMIPS (lpj=11573624)
Nov  2 05:41:35 ladiesman461-laptop kernel: [    4.098915] pid_max: default: 32768 minimum: 301
Nov  2 05:41:35 ladiesman461-laptop kernel: [    4.098919] ACPI: Core revision 20150619
Nov  2 05:41:35 ladiesman461-laptop kernel: [    4.099567] ACPI: All ACPI Tables successfully acquired
Nov  2 05:41:35 ladiesman461-laptop kernel: [    4.099573] ACPI: setting ELCR to 0200 (from 0e00)
Nov  2 05:41:35 ladiesman461-laptop kernel: [    4.099584] Security Framework initialized
Nov  2 05:41:35 ladiesman461-laptop kernel: [    4.099591] AppArmor: AppArmor initialized
Nov  2 05:41:35 ladiesman461-laptop kernel: [    4.099592] Yama: becoming mindful.
Nov  2 05:41:35 ladiesman461-laptop kernel: [    4.099616] Mount-cache hash table entries: 2048 (order: 1, 8192 bytes)
Nov  2 05:41:35 ladiesman461-laptop kernel: [    4.099617] Mountpoint-cache hash table entries: 2048 (order: 1, 8192 bytes)
Nov  2 05:41:35 ladiesman461-laptop kernel: [    4.099729] Initializing cgroup subsys blkio
Nov  2 05:41:35 ladiesman461-laptop kernel: [    4.099731] Initializing cgroup subsys memory
Nov  2 05:41:35 ladiesman461-laptop kernel: [    4.099735] Initializing cgroup subsys devices
Nov  2 05:41:35 ladiesman461-laptop kernel: [    4.099737] Initializing cgroup subsys freezer
Nov  2 05:41:35 ladiesman461-laptop kernel: [    4.099738] Initializing cgroup subsys net_cls
Nov  2 05:41:35 ladiesman461-laptop kernel: [    4.099740] Initializing cgroup subsys perf_event
Nov  2 05:41:35 ladiesman461-laptop kernel: [    4.099741] Initializing cgroup subsys net_prio
Nov  2 05:41:35 ladiesman461-laptop kernel: [    4.099743] Initializing cgroup subsys hugetlb
Nov  2 05:41:35 ladiesman461-laptop kernel: [    4.099816] CPU: Physical Processor ID: 0
Nov  2 05:41:35 ladiesman461-laptop kernel: [    4.100341] mce: CPU supports 0 MCE banks
Nov  2 05:41:35 ladiesman461-laptop kernel: [    4.100357] process: using mwait in idle threads
Nov  2 05:41:35 ladiesman461-laptop kernel: [    4.100363] Last level iTLB entries: 4KB 512, 2MB 8, 4MB 8
Nov  2 05:41:35 ladiesman461-laptop kernel: [    4.100364] Last level dTLB entries: 4KB 512, 2MB 32, 4MB 32, 1GB 0
Nov  2 05:41:35 ladiesman461-laptop kernel: [    4.119514] Freeing SMP alternatives memory: 28K (c1bfc000 - c1c03000)
Nov  2 05:41:35 ladiesman461-laptop kernel: [    4.126677] ftrace: allocating 30215 entries in 60 pages
Nov  2 05:41:35 ladiesman461-laptop kernel: [    4.164459] smpboot: weird, boot CPU (#0) not listed by the BIOS
Nov  2 05:41:35 ladiesman461-laptop kernel: [    4.164466] smpboot: SMP motherboard not detected
Nov  2 05:41:35 ladiesman461-laptop kernel: [    4.164467] smpboot: SMP disabled
Nov  2 05:41:35 ladiesman461-laptop kernel: [    4.164468] Enabling APIC mode:  Flat.  Using 0 I/O APICs
Nov  2 05:41:35 ladiesman461-laptop kernel: [    4.267495] Performance Events: unsupported p6 CPU model 58 no PMU driver, software events only.
Nov  2 05:41:35 ladiesman461-laptop kernel: [    4.267510] KVM setup paravirtual spinlock
Nov  2 05:41:35 ladiesman461-laptop kernel: [    4.268124] x86: Booted up 1 node, 1 CPUs
Nov  2 05:41:35 ladiesman461-laptop kernel: [    4.268127] smpboot: Total of 1 processors activated (5786.81 BogoMIPS)
Nov  2 05:41:35 ladiesman461-laptop kernel: [    4.268215] devtmpfs: initialized
Nov  2 05:41:35 ladiesman461-laptop kernel: [    4.268383] evm: security.selinux
Nov  2 05:41:35 ladiesman461-laptop kernel: [    4.268384] evm: security.SMACK64
Nov  2 05:41:35 ladiesman461-laptop kernel: [    4.268384] evm: security.SMACK64EXEC
Nov  2 05:41:35 ladiesman461-laptop kernel: [    4.268385] evm: security.SMACK64TRANSMUTE
Nov  2 05:41:35 ladiesman461-laptop kernel: [    4.268386] evm: security.SMACK64MMAP
Nov  2 05:41:35 ladiesman461-laptop kernel: [    4.268386] evm: security.ima
Nov  2 05:41:35 ladiesman461-laptop kernel: [    4.268387] evm: security.capability
Nov  2 05:41:35 ladiesman461-laptop kernel: [    4.268499] clocksource: jiffies: mask: 0xffffffff max_cycles: 0xffffffff, max_idle_ns: 7645041785100000 ns
Nov  2 05:41:35 ladiesman461-laptop kernel: [    4.268543] pinctrl core: initialized pinctrl subsystem
Nov  2 05:41:35 ladiesman461-laptop kernel: [    4.268638] RTC time: 11:41:07, date: 11/02/15
Nov  2 05:41:35 ladiesman461-laptop kernel: [    4.268852] NET: Registered protocol family 16
Nov  2 05:41:35 ladiesman461-laptop kernel: [    4.269157] EISA bus registered
Nov  2 05:41:35 ladiesman461-laptop kernel: [    4.269161] cpuidle: using governor ladder
Nov  2 05:41:35 ladiesman461-laptop kernel: [    4.269164] cpuidle: using governor menu
Nov  2 05:41:35 ladiesman461-laptop kernel: [    4.269390] ACPI: bus type PCI registered
Nov  2 05:41:35 ladiesman461-laptop kernel: [    4.269393] acpiphp: ACPI Hot Plug PCI Controller Driver version: 0.5
Nov  2 05:41:35 ladiesman461-laptop kernel: [    4.269607] PCI : PCI BIOS area is rw and x. Use pci=nobios if you want it NX.
Nov  2 05:41:35 ladiesman461-laptop kernel: [    4.269609] PCI: PCI BIOS revision 2.10 entry at 0xfda26, last bus=0
Nov  2 05:41:35 ladiesman461-laptop kernel: [    4.269610] PCI: Using configuration type 1 for base access
Nov  2 05:41:35 ladiesman461-laptop kernel: [    4.270803] ACPI: Added _OSI(Module Device)
Nov  2 05:41:35 ladiesman461-laptop kernel: [    4.270805] ACPI: Added _OSI(Processor Device)
Nov  2 05:41:35 ladiesman461-laptop kernel: [    4.270806] ACPI: Added _OSI(3.0 _SCP Extensions)
Nov  2 05:41:35 ladiesman461-laptop kernel: [    4.270807] ACPI: Added _OSI(Processor Aggregator Device)
Nov  2 05:41:35 ladiesman461-laptop kernel: [    4.271248] ACPI: Executed 1 blocks of module-level executable AML code
Nov  2 05:41:35 ladiesman461-laptop kernel: [    4.272567] ACPI: Interpreter enabled
Nov  2 05:41:35 ladiesman461-laptop kernel: [    4.272576] ACPI Exception: AE_NOT_FOUND, While evaluating Sleep State [\_S1_] (20150619/hwxface-580)
Nov  2 05:41:35 ladiesman461-laptop kernel: [    4.272578] ACPI Exception: AE_NOT_FOUND, While evaluating Sleep State [\_S2_] (20150619/hwxface-580)
Nov  2 05:41:35 ladiesman461-laptop kernel: [    4.272580] ACPI Exception: AE_NOT_FOUND, While evaluating Sleep State [\_S3_] (20150619/hwxface-580)
Nov  2 05:41:35 ladiesman461-laptop kernel: [    4.272582] ACPI Exception: AE_NOT_FOUND, While evaluating Sleep State [\_S4_] (20150619/hwxface-580)
Nov  2 05:41:35 ladiesman461-laptop kernel: [    4.272586] ACPI: (supports S0 S5)
Nov  2 05:41:35 ladiesman461-laptop kernel: [    4.272587] ACPI: Using PIC for interrupt routing
Nov  2 05:41:35 ladiesman461-laptop kernel: [    4.272686] PCI: Using host bridge windows from ACPI; if necessary, use "pci=nocrs" and report a bug
Nov  2 05:41:35 ladiesman461-laptop kernel: [    4.275022] ACPI: PCI Root Bridge [PCI0] (domain 0000 [bus 00-ff])
Nov  2 05:41:35 ladiesman461-laptop kernel: [    4.275026] acpi PNP0A03:00: _OSC: OS supports [ASPM ClockPM Segments MSI]
Nov  2 05:41:35 ladiesman461-laptop kernel: [    4.275029] acpi PNP0A03:00: _OSC failed (AE_NOT_FOUND); disabling ASPM
Nov  2 05:41:35 ladiesman461-laptop kernel: [    4.275065] acpi PNP0A03:00: fail to add MMCONFIG information, can't access extended PCI configuration space under this bridge.
Nov  2 05:41:35 ladiesman461-laptop kernel: [    4.275237] PCI host bridge to bus 0000:00
Nov  2 05:41:35 ladiesman461-laptop kernel: [    4.275240] pci_bus 0000:00: root bus resource [bus 00-ff]
Nov  2 05:41:35 ladiesman461-laptop kernel: [    4.275241] pci_bus 0000:00: root bus resource [io  0x0000-0x0cf7 window]
Nov  2 05:41:35 ladiesman461-laptop kernel: [    4.275243] pci_bus 0000:00: root bus resource [io  0x0d00-0xffff window]
Nov  2 05:41:35 ladiesman461-laptop kernel: [    4.275244] pci_bus 0000:00: root bus resource [mem 0x000a0000-0x000bffff window]
Nov  2 05:41:35 ladiesman461-laptop kernel: [    4.275245] pci_bus 0000:00: root bus resource [mem 0x30000000-0xffdfffff window]
Nov  2 05:41:35 ladiesman461-laptop kernel: [    4.275279] pci 0000:00:00.0: [8086:1237] type 00 class 0x060000
Nov  2 05:41:35 ladiesman461-laptop kernel: [    4.275684] pci 0000:00:01.0: [8086:7000] type 00 class 0x060100
Nov  2 05:41:35 ladiesman461-laptop kernel: [    4.276226] pci 0000:00:01.1: [8086:7111] type 00 class 0x01018a
Nov  2 05:41:35 ladiesman461-laptop kernel: [    4.276657] pci 0000:00:01.1: reg 0x20: [io  0xd000-0xd00f]
Nov  2 05:41:35 ladiesman461-laptop kernel: [    4.276808] pci 0000:00:01.1: legacy IDE quirk: reg 0x10: [io  0x01f0-0x01f7]
Nov  2 05:41:35 ladiesman461-laptop kernel: [    4.276810] pci 0000:00:01.1: legacy IDE quirk: reg 0x14: [io  0x03f6]
Nov  2 05:41:35 ladiesman461-laptop kernel: [    4.276811] pci 0000:00:01.1: legacy IDE quirk: reg 0x18: [io  0x0170-0x0177]
Nov  2 05:41:35 ladiesman461-laptop kernel: [    4.276812] pci 0000:00:01.1: legacy IDE quirk: reg 0x1c: [io  0x0376]
Nov  2 05:41:35 ladiesman461-laptop kernel: [    4.276991] pci 0000:00:02.0: [80ee:beef] type 00 class 0x030000
Nov  2 05:41:35 ladiesman461-laptop kernel: [    4.277740] pci 0000:00:02.0: reg 0x10: [mem 0xe0000000-0xe0ffffff pref]
Nov  2 05:41:35 ladiesman461-laptop kernel: [    4.281260] pci 0000:00:03.0: [8086:100e] type 00 class 0x020000
Nov  2 05:41:35 ladiesman461-laptop kernel: [    4.281680] pci 0000:00:03.0: reg 0x10: [mem 0xf0000000-0xf001ffff]
Nov  2 05:41:35 ladiesman461-laptop kernel: [    4.282326] pci 0000:00:03.0: reg 0x18: [io  0xd010-0xd017]
Nov  2 05:41:35 ladiesman461-laptop kernel: [    4.283812] pci 0000:00:04.0: [80ee:cafe] type 00 class 0x088000
Nov  2 05:41:35 ladiesman461-laptop kernel: [    4.284204] pci 0000:00:04.0: reg 0x10: [io  0xd020-0xd03f]
Nov  2 05:41:35 ladiesman461-laptop kernel: [    4.284530] pci 0000:00:04.0: reg 0x14: [mem 0xf0400000-0xf07fffff]
Nov  2 05:41:35 ladiesman461-laptop kernel: [    4.284823] pci 0000:00:04.0: reg 0x18: [mem 0xf0800000-0xf0803fff pref]
Nov  2 05:41:35 ladiesman461-laptop kernel: [    4.286104] pci 0000:00:05.0: [8086:2415] type 00 class 0x040100
Nov  2 05:41:35 ladiesman461-laptop kernel: [    4.286197] pci 0000:00:05.0: reg 0x10: [io  0xd100-0xd1ff]
Nov  2 05:41:35 ladiesman461-laptop kernel: [    4.286254] pci 0000:00:05.0: reg 0x14: [io  0xd200-0xd23f]
Nov  2 05:41:35 ladiesman461-laptop kernel: [    4.286716] pci 0000:00:06.0: [106b:003f] type 00 class 0x0c0310
Nov  2 05:41:35 ladiesman461-laptop kernel: [    4.287070] pci 0000:00:06.0: reg 0x10: [mem 0xf0804000-0xf0804fff]
Nov  2 05:41:35 ladiesman461-laptop kernel: [    4.288960] pci 0000:00:07.0: [8086:7113] type 00 class 0x068000
Nov  2 05:41:35 ladiesman461-laptop kernel: [    4.289587] pci 0000:00:0d.0: [8086:2829] type 00 class 0x010601
Nov  2 05:41:35 ladiesman461-laptop kernel: [    4.290010] pci 0000:00:0d.0: reg 0x10: [io  0xd240-0xd247]
Nov  2 05:41:35 ladiesman461-laptop kernel: [    4.290569] pci 0000:00:0d.0: reg 0x18: [io  0xd250-0xd257]
Nov  2 05:41:35 ladiesman461-laptop kernel: [    4.291116] pci 0000:00:0d.0: reg 0x20: [io  0xd260-0xd26f]
Nov  2 05:41:35 ladiesman461-laptop kernel: [    4.291407] pci 0000:00:0d.0: reg 0x24: [mem 0xf0806000-0xf0807fff]
Nov  2 05:41:35 ladiesman461-laptop kernel: [    4.292054] pci_bus 0000:00: on NUMA node 0
Nov  2 05:41:35 ladiesman461-laptop kernel: [    4.293045] ACPI: PCI Interrupt Link [LNKA] (IRQs 5 9 10 *11)
Nov  2 05:41:35 ladiesman461-laptop kernel: [    4.293194] ACPI: PCI Interrupt Link [LNKB] (IRQs 5 9 10 *11)
Nov  2 05:41:35 ladiesman461-laptop kernel: [    4.293258] ACPI: PCI Interrupt Link [LNKC] (IRQs 5 9 *10 11)
Nov  2 05:41:35 ladiesman461-laptop kernel: [    4.293323] ACPI: PCI Interrupt Link [LNKD] (IRQs 5 *9 10 11)
Nov  2 05:41:35 ladiesman461-laptop kernel: [    4.293428] ACPI: Enabled 2 GPEs in block 00 to 07
Nov  2 05:41:35 ladiesman461-laptop kernel: [    4.293590] vgaarb: setting as boot device: PCI:0000:00:02.0
Nov  2 05:41:35 ladiesman461-laptop kernel: [    4.293592] vgaarb: device added: PCI:0000:00:02.0,decodes=io+mem,owns=io+mem,locks=none
Nov  2 05:41:35 ladiesman461-laptop kernel: [    4.293594] vgaarb: loaded
Nov  2 05:41:35 ladiesman461-laptop kernel: [    4.293595] vgaarb: bridge control possible 0000:00:02.0
Nov  2 05:41:35 ladiesman461-laptop kernel: [    4.293801] SCSI subsystem initialized
Nov  2 05:41:35 ladiesman461-laptop kernel: [    4.293844] libata version 3.00 loaded.
Nov  2 05:41:35 ladiesman461-laptop kernel: [    4.293868] ACPI: bus type USB registered
Nov  2 05:41:35 ladiesman461-laptop kernel: [    4.293885] usbcore: registered new interface driver usbfs
Nov  2 05:41:35 ladiesman461-laptop kernel: [    4.293891] usbcore: registered new interface driver hub
Nov  2 05:41:35 ladiesman461-laptop kernel: [    4.293899] usbcore: registered new device driver usb
Nov  2 05:41:35 ladiesman461-laptop kernel: [    4.294022] PCI: Using ACPI for IRQ routing
Nov  2 05:41:35 ladiesman461-laptop kernel: [    4.294024] PCI: pci_cache_line_size set to 64 bytes
Nov  2 05:41:35 ladiesman461-laptop kernel: [    4.294176] e820: reserve RAM buffer [mem 0x0009fc00-0x0009ffff]
Nov  2 05:41:35 ladiesman461-laptop kernel: [    4.294180] e820: reserve RAM buffer [mem 0x2fff0000-0x2fffffff]
Nov  2 05:41:35 ladiesman461-laptop kernel: [    4.294277] NetLabel: Initializing
Nov  2 05:41:35 ladiesman461-laptop kernel: [    4.294278] NetLabel:  domain hash size = 128
Nov  2 05:41:35 ladiesman461-laptop kernel: [    4.294279] NetLabel:  protocols = UNLABELED CIPSOv4
Nov  2 05:41:35 ladiesman461-laptop kernel: [    4.294288] NetLabel:  unlabeled traffic allowed by default
Nov  2 05:41:35 ladiesman461-laptop kernel: [    4.294385] clocksource: Switched to clocksource kvm-clock
Nov  2 05:41:35 ladiesman461-laptop kernel: [    4.299514] AppArmor: AppArmor Filesystem Enabled
Nov  2 05:41:35 ladiesman461-laptop kernel: [    4.299563] pnp: PnP ACPI init
Nov  2 05:41:35 ladiesman461-laptop kernel: [    4.299608] pnp 00:00: Plug and Play ACPI device, IDs PNP0303 (active)
Nov  2 05:41:35 ladiesman461-laptop kernel: [    4.299659] pnp 00:01: Plug and Play ACPI device, IDs PNP0f03 (active)
Nov  2 05:41:35 ladiesman461-laptop kernel: [    4.300264] pnp: PnP ACPI: found 2 devices
Nov  2 05:41:35 ladiesman461-laptop kernel: [    4.300268] PnPBIOS: Disabled by ACPI PNP
Nov  2 05:41:35 ladiesman461-laptop kernel: [    4.335930] clocksource: acpi_pm: mask: 0xffffff max_cycles: 0xffffff, max_idle_ns: 2085701024 ns
Nov  2 05:41:35 ladiesman461-laptop kernel: [    4.335944] pci_bus 0000:00: resource 4 [io  0x0000-0x0cf7 window]
Nov  2 05:41:35 ladiesman461-laptop kernel: [    4.335945] pci_bus 0000:00: resource 5 [io  0x0d00-0xffff window]
Nov  2 05:41:35 ladiesman461-laptop kernel: [    4.335946] pci_bus 0000:00: resource 6 [mem 0x000a0000-0x000bffff window]
Nov  2 05:41:35 ladiesman461-laptop kernel: [    4.335948] pci_bus 0000:00: resource 7 [mem 0x30000000-0xffdfffff window]
Nov  2 05:41:35 ladiesman461-laptop kernel: [    4.335974] NET: Registered protocol family 2
Nov  2 05:41:35 ladiesman461-laptop kernel: [    4.336166] TCP established hash table entries: 8192 (order: 3, 32768 bytes)
Nov  2 05:41:35 ladiesman461-laptop kernel: [    4.336172] TCP bind hash table entries: 8192 (order: 4, 65536 bytes)
Nov  2 05:41:35 ladiesman461-laptop kernel: [    4.336183] TCP: Hash tables configured (established 8192 bind 8192)
Nov  2 05:41:35 ladiesman461-laptop kernel: [    4.336196] UDP hash table entries: 512 (order: 2, 16384 bytes)
Nov  2 05:41:35 ladiesman461-laptop kernel: [    4.336199] UDP-Lite hash table entries: 512 (order: 2, 16384 bytes)
Nov  2 05:41:35 ladiesman461-laptop kernel: [    4.336225] NET: Registered protocol family 1
Nov  2 05:41:35 ladiesman461-laptop kernel: [    4.336237] pci 0000:00:00.0: Limiting direct PCI/PCI transfers
Nov  2 05:41:35 ladiesman461-laptop kernel: [    4.336264] pci 0000:00:01.0: Activating ISA DMA hang workarounds
Nov  2 05:41:35 ladiesman461-laptop kernel: [    4.336290] pci 0000:00:02.0: Video device with shadowed ROM
Nov  2 05:41:35 ladiesman461-laptop kernel: [    4.336795] ACPI: PCI Interrupt Link [LNKB] enabled at IRQ 11
Nov  2 05:41:35 ladiesman461-laptop kernel: [    4.336796] PCI: setting IRQ 11 as level-triggered
Nov  2 05:41:35 ladiesman461-laptop kernel: [    4.337463] PCI: CLS 0 bytes, default 64
Nov  2 05:41:35 ladiesman461-laptop kernel: [    4.337533] Trying to unpack rootfs image as initramfs...
Nov  2 05:41:35 ladiesman461-laptop kernel: [    4.778116] Freeing initrd memory: 32176K (ed549000 - ef4b5000)
Nov  2 05:41:35 ladiesman461-laptop kernel: [    4.778299] platform rtc_cmos: registered platform RTC device (no PNP device found)
Nov  2 05:41:35 ladiesman461-laptop kernel: [    4.778317] RAPL PMU detected, API unit is 2^-32 Joules, 3 fixed counters 10737418240 ms ovfl timer
Nov  2 05:41:35 ladiesman461-laptop kernel: [    4.778318] hw unit of domain pp0-core 2^-0 Joules
Nov  2 05:41:35 ladiesman461-laptop kernel: [    4.778319] hw unit of domain package 2^-0 Joules
Nov  2 05:41:35 ladiesman461-laptop kernel: [    4.778320] hw unit of domain pp1-gpu 2^-0 Joules
Nov  2 05:41:35 ladiesman461-laptop kernel: [    4.778346] microcode: CPU0 sig=0x306a9, pf=0x2, revision=0x19
Nov  2 05:41:35 ladiesman461-laptop kernel: [    4.778385] microcode: Microcode Update Driver: v2.00 <tigran@aivazian.fsnet.co.uk>, Peter Oruba
Nov  2 05:41:35 ladiesman461-laptop kernel: [    4.778443] Scanning for low memory corruption every 60 seconds
Nov  2 05:41:35 ladiesman461-laptop kernel: [    4.778639] futex hash table entries: 256 (order: 2, 16384 bytes)
Nov  2 05:41:35 ladiesman461-laptop kernel: [    4.778648] Initialise system trusted keyring
Nov  2 05:41:35 ladiesman461-laptop kernel: [    4.778667] audit: initializing netlink subsys (disabled)
Nov  2 05:41:35 ladiesman461-laptop kernel: [    4.778680] audit: type=2000 audit(1446464472.871:1): initialized
Nov  2 05:41:35 ladiesman461-laptop kernel: [    4.778875] HugeTLB registered 2 MB page size, pre-allocated 0 pages
Nov  2 05:41:35 ladiesman461-laptop kernel: [    4.779812] zpool: loaded
Nov  2 05:41:35 ladiesman461-laptop kernel: [    4.779814] zbud: loaded
Nov  2 05:41:35 ladiesman461-laptop kernel: [    4.779858] VFS: Disk quotas dquot_6.6.0
Nov  2 05:41:35 ladiesman461-laptop kernel: [    4.779879] VFS: Dquot-cache hash table entries: 1024 (order 0, 4096 bytes)
Nov  2 05:41:35 ladiesman461-laptop kernel: [    4.780163] fuse init (API version 7.23)
Nov  2 05:41:35 ladiesman461-laptop kernel: [    4.780324] Key type big_key registered
Nov  2 05:41:35 ladiesman461-laptop kernel: [    4.780474] Key type asymmetric registered
Nov  2 05:41:35 ladiesman461-laptop kernel: [    4.780479] Asymmetric key parser 'x509' registered
Nov  2 05:41:35 ladiesman461-laptop kernel: [    4.780490] bounce: pool size: 64 pages
Nov  2 05:41:35 ladiesman461-laptop kernel: [    4.780511] Block layer SCSI generic (bsg) driver version 0.4 loaded (major 249)
Nov  2 05:41:35 ladiesman461-laptop kernel: [    4.780530] io scheduler noop registered
Nov  2 05:41:35 ladiesman461-laptop kernel: [    4.780532] io scheduler deadline registered (default)
Nov  2 05:41:35 ladiesman461-laptop kernel: [    4.780555] io scheduler cfq registered
Nov  2 05:41:35 ladiesman461-laptop kernel: [    4.780624] pci_hotplug: PCI Hot Plug PCI Core version: 0.5
Nov  2 05:41:35 ladiesman461-laptop kernel: [    4.780628] pciehp: PCI Express Hot Plug Controller Driver version: 0.4
Nov  2 05:41:35 ladiesman461-laptop kernel: [    4.780997] ACPI: AC Adapter [AC] (on-line)
Nov  2 05:41:35 ladiesman461-laptop kernel: [    4.781042] input: Power Button as /devices/LNXSYSTM:00/LNXPWRBN:00/input/input0
Nov  2 05:41:35 ladiesman461-laptop kernel: [    4.781050] ACPI: Power Button [PWRF]
Nov  2 05:41:35 ladiesman461-laptop kernel: [    4.781109] input: Sleep Button as /devices/LNXSYSTM:00/LNXSLPBN:00/input/input1
Nov  2 05:41:35 ladiesman461-laptop kernel: [    4.781111] ACPI: Sleep Button [SLPF]
Nov  2 05:41:35 ladiesman461-laptop kernel: [    4.781207] GHES: HEST is not enabled!
Nov  2 05:41:35 ladiesman461-laptop kernel: [    4.782161] ACPI: Battery Slot [BAT0] (battery present)
Nov  2 05:41:35 ladiesman461-laptop kernel: [    4.782186] isapnp: Scanning for PnP cards...
Nov  2 05:41:35 ladiesman461-laptop kernel: [    4.787730] Serial: 8250/16550 driver, 32 ports, IRQ sharing enabled
Nov  2 05:41:35 ladiesman461-laptop kernel: [    4.788687] Linux agpgart interface v0.103
Nov  2 05:41:35 ladiesman461-laptop kernel: [    4.789987] brd: module loaded
Nov  2 05:41:35 ladiesman461-laptop kernel: [    4.792593] loop: module loaded
Nov  2 05:41:35 ladiesman461-laptop kernel: [    4.792748] ata_piix 0000:00:01.1: version 2.13
Nov  2 05:41:35 ladiesman461-laptop kernel: [    4.836800] scsi host0: ata_piix
Nov  2 05:41:35 ladiesman461-laptop kernel: [    4.836862] scsi host1: ata_piix
Nov  2 05:41:35 ladiesman461-laptop kernel: [    4.836889] ata1: PATA max UDMA/33 cmd 0x1f0 ctl 0x3f6 bmdma 0xd000 irq 14
Nov  2 05:41:35 ladiesman461-laptop kernel: [    4.836890] ata2: PATA max UDMA/33 cmd 0x170 ctl 0x376 bmdma 0xd008 irq 15
Nov  2 05:41:35 ladiesman461-laptop kernel: [    4.836951] libphy: Fixed MDIO Bus: probed
Nov  2 05:41:35 ladiesman461-laptop kernel: [    4.836958] tun: Universal TUN/TAP device driver, 1.6
Nov  2 05:41:35 ladiesman461-laptop kernel: [    4.836959] tun: (C) 1999-2004 Max Krasnyansky <maxk@qualcomm.com>
Nov  2 05:41:35 ladiesman461-laptop kernel: [    4.837290] PPP generic driver version 2.4.2
Nov  2 05:41:35 ladiesman461-laptop kernel: [    4.837355] ehci_hcd: USB 2.0 'Enhanced' Host Controller (EHCI) Driver
Nov  2 05:41:35 ladiesman461-laptop kernel: [    4.837360] ehci-pci: EHCI PCI platform driver
Nov  2 05:41:35 ladiesman461-laptop kernel: [    4.837379] ehci-platform: EHCI generic platform driver
Nov  2 05:41:35 ladiesman461-laptop kernel: [    4.837385] ohci_hcd: USB 1.1 'Open' Host Controller (OHCI) Driver
Nov  2 05:41:35 ladiesman461-laptop kernel: [    4.837390] ohci-pci: OHCI PCI platform driver
Nov  2 05:41:35 ladiesman461-laptop kernel: [    4.837772] ohci-pci 0000:00:06.0: OHCI PCI host controller
Nov  2 05:41:35 ladiesman461-laptop kernel: [    4.837778] ohci-pci 0000:00:06.0: new USB bus registered, assigned bus number 1
Nov  2 05:41:35 ladiesman461-laptop kernel: [    4.837811] ohci-pci 0000:00:06.0: irq 11, io mem 0xf0804000
Nov  2 05:41:35 ladiesman461-laptop kernel: [    4.925864] usb usb1: New USB device found, idVendor=1d6b, idProduct=0001
Nov  2 05:41:35 ladiesman461-laptop kernel: [    4.925868] usb usb1: New USB device strings: Mfr=3, Product=2, SerialNumber=1
Nov  2 05:41:35 ladiesman461-laptop kernel: [    4.925870] usb usb1: Product: OHCI PCI host controller
Nov  2 05:41:35 ladiesman461-laptop kernel: [    4.925872] usb usb1: Manufacturer: Linux 4.2.0-16-generic ohci_hcd
Nov  2 05:41:35 ladiesman461-laptop kernel: [    4.925874] usb usb1: SerialNumber: 0000:00:06.0
Nov  2 05:41:35 ladiesman461-laptop kernel: [    4.926031] hub 1-0:1.0: USB hub found
Nov  2 05:41:35 ladiesman461-laptop kernel: [    4.926051] hub 1-0:1.0: 12 ports detected
Nov  2 05:41:35 ladiesman461-laptop kernel: [    4.926607] ohci-platform: OHCI generic platform driver
Nov  2 05:41:35 ladiesman461-laptop kernel: [    4.926624] uhci_hcd: USB Universal Host Controller Interface driver
Nov  2 05:41:35 ladiesman461-laptop kernel: [    4.926690] i8042: PNP: PS/2 Controller [PNP0303:PS2K,PNP0f03:PS2M] at 0x60,0x64 irq 1,12
Nov  2 05:41:35 ladiesman461-laptop kernel: [    4.927032] serio: i8042 KBD port at 0x60,0x64 irq 1
Nov  2 05:41:35 ladiesman461-laptop kernel: [    4.927037] serio: i8042 AUX port at 0x60,0x64 irq 12
Nov  2 05:41:35 ladiesman461-laptop kernel: [    4.927130] mousedev: PS/2 mouse device common for all mice
Nov  2 05:41:35 ladiesman461-laptop kernel: [    4.927453] input: AT Translated Set 2 keyboard as /devices/platform/i8042/serio0/input/input2
Nov  2 05:41:35 ladiesman461-laptop kernel: [    4.927794] rtc_cmos rtc_cmos: rtc core: registered rtc_cmos as rtc0
Nov  2 05:41:35 ladiesman461-laptop kernel: [    4.927816] rtc_cmos rtc_cmos: alarms up to one day, 114 bytes nvram
Nov  2 05:41:35 ladiesman461-laptop kernel: [    4.927823] i2c /dev entries driver
Nov  2 05:41:35 ladiesman461-laptop kernel: [    4.927871] device-mapper: uevent: version 1.0.3
Nov  2 05:41:35 ladiesman461-laptop kernel: [    4.927917] device-mapper: ioctl: 4.33.0-ioctl (2015-8-18) initialised: dm-devel@redhat.com
Nov  2 05:41:35 ladiesman461-laptop kernel: [    4.927936] platform eisa.0: Probing EISA bus 0
Nov  2 05:41:35 ladiesman461-laptop kernel: [    4.927943] platform eisa.0: EISA: Cannot allocate resource for mainboard
Nov  2 05:41:35 ladiesman461-laptop kernel: [    4.927944] platform eisa.0: Cannot allocate resource for EISA slot 1
Nov  2 05:41:35 ladiesman461-laptop kernel: [    4.927945] platform eisa.0: Cannot allocate resource for EISA slot 2
Nov  2 05:41:35 ladiesman461-laptop kernel: [    4.927946] platform eisa.0: Cannot allocate resource for EISA slot 3
Nov  2 05:41:35 ladiesman461-laptop kernel: [    4.927947] platform eisa.0: Cannot allocate resource for EISA slot 4
Nov  2 05:41:35 ladiesman461-laptop kernel: [    4.927948] platform eisa.0: Cannot allocate resource for EISA slot 5
Nov  2 05:41:35 ladiesman461-laptop kernel: [    4.927949] platform eisa.0: Cannot allocate resource for EISA slot 6
Nov  2 05:41:35 ladiesman461-laptop kernel: [    4.927950] platform eisa.0: Cannot allocate resource for EISA slot 7
Nov  2 05:41:35 ladiesman461-laptop kernel: [    4.927951] platform eisa.0: Cannot allocate resource for EISA slot 8
Nov  2 05:41:35 ladiesman461-laptop kernel: [    4.927952] platform eisa.0: EISA: Detected 0 cards
Nov  2 05:41:35 ladiesman461-laptop kernel: [    4.927967] cpufreq-nforce2: No nForce2 chipset.
Nov  2 05:41:35 ladiesman461-laptop kernel: [    4.927975] ledtrig-cpu: registered to indicate activity on CPUs
Nov  2 05:41:35 ladiesman461-laptop kernel: [    4.927986] PCCT header not found.
Nov  2 05:41:35 ladiesman461-laptop kernel: [    4.928135] NET: Registered protocol family 10
Nov  2 05:41:35 ladiesman461-laptop kernel: [    4.928312] NET: Registered protocol family 17
Nov  2 05:41:35 ladiesman461-laptop kernel: [    4.928322] Key type dns_resolver registered
Nov  2 05:41:35 ladiesman461-laptop kernel: [    4.928433] Using IPI No-Shortcut mode
Nov  2 05:41:35 ladiesman461-laptop kernel: [    4.928605] Loading compiled-in X.509 certificates
Nov  2 05:41:35 ladiesman461-laptop kernel: [    4.930597] Loaded X.509 cert 'Build time autogenerated kernel key: 9a18469980b5ebdd28885474f95f179ffebbdfd7'
Nov  2 05:41:35 ladiesman461-laptop kernel: [    4.930612] registered taskstats version 1
Nov  2 05:41:35 ladiesman461-laptop kernel: [    4.930629] zswap: loading zswap
Nov  2 05:41:35 ladiesman461-laptop kernel: [    4.930630] zswap: using zbud pool
Nov  2 05:41:35 ladiesman461-laptop kernel: [    4.930634] zswap: using lzo compressor
Nov  2 05:41:35 ladiesman461-laptop kernel: [    4.932146] Key type trusted registered
Nov  2 05:41:35 ladiesman461-laptop systemd-modules-load[179]: Inserted module 'lp'
Nov  2 05:41:35 ladiesman461-laptop systemd-modules-load[179]: Inserted module 'ppdev'
Nov  2 05:41:35 ladiesman461-laptop systemd-modules-load[179]: Inserted module 'parport_pc'
Nov  2 05:41:35 ladiesman461-laptop systemd[1]: Started Apply Kernel Variables.
Nov  2 05:41:35 ladiesman461-laptop systemd[1]: Started Create Static Device Nodes in /dev.
Nov  2 05:41:35 ladiesman461-laptop systemd[1]: Starting udev Kernel Device Manager...
Nov  2 05:41:35 ladiesman461-laptop systemd[1]: Started udev Kernel Device Manager.
Nov  2 05:41:35 ladiesman461-laptop systemd[1]: Starting Remount Root and Kernel File Systems...
Nov  2 05:41:35 ladiesman461-laptop systemd[1]: Starting Show Plymouth Boot Screen...
Nov  2 05:41:35 ladiesman461-laptop systemd[1]: Started Remount Root and Kernel File Systems.
Nov  2 05:41:35 ladiesman461-laptop systemd[1]: Reached target Local File Systems (Pre).
Nov  2 05:41:35 ladiesman461-laptop systemd[1]: Starting Ensure /etc/mtab is a symlink to /proc/mounts...
Nov  2 05:41:35 ladiesman461-laptop systemd[1]: Starting Flush Journal to Persistent Storage...
Nov  2 05:41:35 ladiesman461-laptop systemd[1]: Starting Load/Save Random Seed...
Nov  2 05:41:35 ladiesman461-laptop systemd[1]: Reached target Local File Systems.
Nov  2 05:41:35 ladiesman461-laptop systemd[1]: Starting Tell Plymouth To Write Out Runtime Data...
Nov  2 05:41:35 ladiesman461-laptop systemd[1]: Starting Clean up any mess left by 0dns-up...
Nov  2 05:41:35 ladiesman461-laptop systemd[1]: Starting Wait for all "auto" /etc/network/interfaces to be up for network-online.target...
Nov  2 05:41:35 ladiesman461-laptop systemd[1]: Starting Commit a transient machine-id on disk...
Nov  2 05:41:35 ladiesman461-laptop systemd[1]: Starting Set console keymap...
Nov  2 05:41:35 ladiesman461-laptop systemd[1]: Reached target Remote File Systems.
Nov  2 05:41:35 ladiesman461-laptop systemd[1]: Starting LSB: AppArmor initialization...
Nov  2 05:41:35 ladiesman461-laptop systemd[1]: Started Commit a transient machine-id on disk.
Nov  2 05:41:35 ladiesman461-laptop systemd[1]: Started Tell Plymouth To Write Out Runtime Data.
Nov  2 05:41:35 ladiesman461-laptop systemd[1]: Started Ensure /etc/mtab is a symlink to /proc/mounts.
Nov  2 05:41:35 ladiesman461-laptop systemd[1]: Started Load/Save Random Seed.
Nov  2 05:41:35 ladiesman461-laptop systemd[1]: Started Flush Journal to Persistent Storage.
Nov  2 05:41:35 ladiesman461-laptop systemd[1]: Starting Create Volatile Files and Directories...
Nov  2 05:41:35 ladiesman461-laptop systemd[1]: Started Clean up any mess left by 0dns-up.
Nov  2 05:41:35 ladiesman461-laptop systemd[1]: Starting Nameserver information manager...
Nov  2 05:41:35 ladiesman461-laptop systemd-tmpfiles[266]: [/usr/lib/tmpfiles.d/var.conf:14] Duplicate line for path "/var/log", ignoring.
Nov  2 05:41:35 ladiesman461-laptop systemd[1]: Started Wait for all "auto" /etc/network/interfaces to be up for network-online.target.
Nov  2 05:41:35 ladiesman461-laptop systemd[1]: Started Nameserver information manager.
Nov  2 05:41:35 ladiesman461-laptop systemd[1]: Started Show Plymouth Boot Screen.
Nov  2 05:41:35 ladiesman461-laptop systemd[1]: Started Forward Password Requests to Plymouth Directory Watch.
Nov  2 05:41:35 ladiesman461-laptop systemd[1]: Started Create Volatile Files and Directories.
Nov  2 05:41:35 ladiesman461-laptop systemd[1]: Starting Update UTMP about System Boot/Shutdown...
Nov  2 05:41:35 ladiesman461-laptop systemd[1]: Reached target System Time Synchronized.
Nov  2 05:41:35 ladiesman461-laptop systemd[1]: Started Update UTMP about System Boot/Shutdown.
Nov  2 05:41:35 ladiesman461-laptop apparmor[252]: * Starting AppArmor profiles
Nov  2 05:41:35 ladiesman461-laptop loadkeys[251]: Loading /etc/console-setup/cached.kmap.gz
Nov  2 05:41:35 ladiesman461-laptop systemd[1]: Started Set console keymap.
Nov  2 05:41:35 ladiesman461-laptop mtp-probe: checking bus 1, device 2: "/sys/devices/pci0000:00/0000:00:06.0/usb1/1-1"
Nov  2 05:41:35 ladiesman461-laptop mtp-probe: bus: 1, device: 2 was not an MTP device
Nov  2 05:41:35 ladiesman461-laptop systemd-udevd[237]: Process '/lib/udev/hdparm' failed with exit code 5.
Nov  2 05:41:35 ladiesman461-laptop systemd[1]: Reached target Sound Card.
Nov  2 05:41:35 ladiesman461-laptop systemd-udevd[241]: Process '/usr/sbin/alsactl -E HOME=/var/run/alsa restore 0' failed with exit code 99.
Nov  2 05:41:35 ladiesman461-laptop systemd[1]: Found device VBOX_HARDDISK 5.
Nov  2 05:41:35 ladiesman461-laptop systemd[1]: Activating swap /dev/disk/by-uuid/db6078e4-b929-40a1-b284-cd47a00d681e...
Nov  2 05:41:35 ladiesman461-laptop systemd[1]: Activated swap /dev/disk/by-uuid/db6078e4-b929-40a1-b284-cd47a00d681e.
Nov  2 05:41:35 ladiesman461-laptop systemd[1]: Reached target Swap.
Nov  2 05:41:35 ladiesman461-laptop apparmor[252]: Skipping profile in /etc/apparmor.d/disable: usr.bin.firefox
Nov  2 05:41:35 ladiesman461-laptop apparmor[252]: Skipping profile in /etc/apparmor.d/disable: usr.sbin.rsyslogd
Nov  2 05:41:35 ladiesman461-laptop apparmor[252]: ...done.
Nov  2 05:41:35 ladiesman461-laptop systemd[1]: Started LSB: AppArmor initialization.
Nov  2 05:41:35 ladiesman461-laptop systemd[1]: Starting LSB: Raise network interfaces....
Nov  2 05:41:35 ladiesman461-laptop networking[416]: * Configuring network interfaces...
Nov  2 05:41:35 ladiesman461-laptop networking[416]: ...done.
Nov  2 05:41:35 ladiesman461-laptop systemd[1]: Started LSB: Raise network interfaces..
Nov  2 05:41:35 ladiesman461-laptop systemd[1]: Reached target System Initialization.
Nov  2 05:41:35 ladiesman461-laptop systemd[1]: Listening on UUID daemon activation socket.
Nov  2 05:41:35 ladiesman461-laptop systemd[1]: Started CUPS Scheduler.
Nov  2 05:41:35 ladiesman461-laptop systemd[1]: Started Daily Cleanup of Temporary Directories.
Nov  2 05:41:35 ladiesman461-laptop systemd[1]: Reached target Timers.
Nov  2 05:41:35 ladiesman461-laptop systemd[1]: Listening on D-Bus System Message Bus Socket.
Nov  2 05:41:35 ladiesman461-laptop systemd[1]: Listening on CUPS Scheduler.
Nov  2 05:41:35 ladiesman461-laptop systemd[1]: Reached target Sockets.
Nov  2 05:41:35 ladiesman461-laptop systemd[1]: Started Trigger resolvconf update for networkd DNS.
Nov  2 05:41:35 ladiesman461-laptop systemd[1]: Reached target Paths.
Nov  2 05:41:35 ladiesman461-laptop systemd[1]: Starting Console System Startup Logging...
Nov  2 05:41:35 ladiesman461-laptop systemd[1]: Reached target Basic System.
Nov  2 05:41:35 ladiesman461-laptop systemd[1]: Starting Permit User Sessions...
Nov  2 05:41:35 ladiesman461-laptop systemd[1]: Starting Network Manager...
Nov  2 05:41:35 ladiesman461-laptop systemd[1]: Starting Detect the available GPUs and deal with any system changes...
Nov  2 05:41:35 ladiesman461-laptop systemd[1]: Starting Login Service...
Nov  2 05:41:35 ladiesman461-laptop systemd[1]: Starting Modem Manager...
Nov  2 05:41:35 ladiesman461-laptop systemd[1]: Starting LSB: Record successful boot for GRUB...
Nov  2 05:41:35 ladiesman461-laptop systemd[1]: Starting Restore /etc/resolv.conf if the system crashed before the ppp link was shut down....
Nov  2 05:41:35 ladiesman461-laptop systemd[1]: Started crash report submission daemon.
Nov  2 05:41:35 ladiesman461-laptop systemd[1]: Started D-Bus System Message Bus.
Nov  2 05:41:35 ladiesman461-laptop gpu-manager[463]: grep: /var/log/syslog: No such file or directory
Nov  2 05:41:35 ladiesman461-laptop gpu-manager[463]: /etc/modprobe.d is not a file
Nov  2 05:41:35 ladiesman461-laptop gpu-manager[463]: grep: /var/log/syslog: No such file or directory
Nov  2 05:41:35 ladiesman461-laptop gpu-manager[463]: /etc/modprobe.d is not a file
Nov  2 05:41:35 ladiesman461-laptop gpu-manager[463]: message repeated 2 times: [ /etc/modprobe.d is not a file]
Nov  2 05:41:35 ladiesman461-laptop ModemManager[465]: <info>  ModemManager (version 1.4.10) starting in system bus...
Nov  2 05:41:35 ladiesman461-laptop dbus[469]: [system] AppArmor D-Bus mediation is enabled
Nov  2 05:41:35 ladiesman461-laptop dbus[469]: [system] Successfully activated service 'org.freedesktop.systemd1'
Nov  2 05:41:35 ladiesman461-laptop systemd[1]: Starting LSB: automatic crash report generation...
Nov  2 05:41:35 ladiesman461-laptop systemd[1]: Started Run anacron jobs.
Nov  2 05:41:35 ladiesman461-laptop systemd[1]: Started Regular background program processing daemon.
Nov  2 05:41:35 ladiesman461-laptop systemd[1]: Starting LSB: daemon to balance interrupts for SMP systems...
Nov  2 05:41:35 ladiesman461-laptop systemd[1]: Starting Accounts Service...
Nov  2 05:41:35 ladiesman461-laptop systemd[1]: Starting LSB: Set the CPU Frequency Scaling governor to "ondemand"...
Nov  2 05:41:35 ladiesman461-laptop systemd[1]: Starting System Logging Service...
Nov  2 05:41:35 ladiesman461-laptop systemd[1]: Started Console System Startup Logging.
Nov  2 05:41:35 ladiesman461-laptop systemd[1]: Started Permit User Sessions.
Nov  2 05:41:35 ladiesman461-laptop systemd[1]: Started LSB: Record successful boot for GRUB.
Nov  2 05:41:35 ladiesman461-laptop systemd[1]: Started Restore /etc/resolv.conf if the system crashed before the ppp link was shut down..
Nov  2 05:41:35 ladiesman461-laptop systemd[1]: Started Login Service.
Nov  2 05:41:35 ladiesman461-laptop irqbalance[500]: * Starting SMP IRQ Balancer: irqbalance
Nov  2 05:41:35 ladiesman461-laptop apport[497]: * Starting automatic crash report generation: apport
Nov  2 05:41:35 ladiesman461-laptop anacron[498]: Anacron 2.3 started on 2015-11-02
Nov  2 05:41:35 ladiesman461-laptop systemd[1]: Started LSB: Set the CPU Frequency Scaling governor to "ondemand".
Nov  2 05:41:35 ladiesman461-laptop cron[499]: (CRON) INFO (pidfile fd = 3)
Nov  2 05:41:35 ladiesman461-laptop whoopsie[468]: [05:41:33] Using lock path: /var/lock/whoopsie/lock
Nov  2 05:41:35 ladiesman461-laptop anacron[498]: Will run job `cron.daily' in 5 min.
Nov  2 05:41:35 ladiesman461-laptop anacron[498]: Will run job `cron.weekly' in 10 min.
Nov  2 05:41:35 ladiesman461-laptop anacron[498]: Will run job `cron.monthly' in 15 min.
Nov  2 05:41:35 ladiesman461-laptop anacron[498]: Jobs will be executed sequentially
Nov  2 05:41:35 ladiesman461-laptop dbus[469]: [system] Activating via systemd: service name='org.freedesktop.PolicyKit1' unit='polkitd.service'
Nov  2 05:41:35 ladiesman461-laptop systemd[1]: Starting Authenticate and Authorize Users to Run Privileged Tasks...
Nov  2 05:41:35 ladiesman461-laptop apport[497]: ...done.
Nov  2 05:41:35 ladiesman461-laptop systemd[1]: Started LSB: automatic crash report generation.
Nov  2 05:41:35 ladiesman461-laptop /usr/sbin/irqbalance: Balancing is ineffective on systems with a single cache domain.  Shutting down
Nov  2 05:41:35 ladiesman461-laptop irqbalance[500]: ...done.
Nov  2 05:41:35 ladiesman461-laptop systemd[1]: Started LSB: daemon to balance interrupts for SMP systems.
Nov  2 05:41:35 ladiesman461-laptop cron[499]: (CRON) INFO (Running @reboot jobs)
Nov  2 05:41:35 ladiesman461-laptop systemd[1]: Started System Logging Service.
Nov  2 05:41:35 ladiesman461-laptop kernel: [    4.978296] Key type encrypted registered
Nov  2 05:41:35 ladiesman461-laptop kernel: [    4.978305] AppArmor: AppArmor sha1 policy hashing enabled
Nov  2 05:41:35 ladiesman461-laptop kernel: [    4.978314] ima: No TPM chip found, activating TPM-bypass!
Nov  2 05:41:35 ladiesman461-laptop kernel: [    4.978340] evm: HMAC attrs: 0x1
Nov  2 05:41:35 ladiesman461-laptop kernel: [    4.978644]   Magic number: 7:478:680
Nov  2 05:41:35 ladiesman461-laptop kernel: [    4.978710] rtc_cmos rtc_cmos: setting system clock to 2015-11-02 11:41:07 UTC (1446464467)
Nov  2 05:41:35 ladiesman461-laptop kernel: [    4.978773] BIOS EDD facility v0.16 2004-Jun-25, 0 devices found
Nov  2 05:41:35 ladiesman461-laptop kernel: [    4.978774] EDD information not available.
Nov  2 05:41:35 ladiesman461-laptop kernel: [    4.978811] PM: Hibernation image not present or could not be loaded.
Nov  2 05:41:35 ladiesman461-laptop kernel: [    5.155655] isapnp: No Plug & Play device found
Nov  2 05:41:35 ladiesman461-laptop kernel: [    5.155800] Freeing unused kernel memory: 928K (c1b14000 - c1bfc000)
Nov  2 05:41:35 ladiesman461-laptop kernel: [    5.155842] Write protecting the kernel text: 7576k
Nov  2 05:41:35 ladiesman461-laptop kernel: [    5.155861] Write protecting the kernel read-only data: 3024k
Nov  2 05:41:35 ladiesman461-laptop kernel: [    5.155861] NX-protecting the kernel data: 4712k
Nov  2 05:41:35 ladiesman461-laptop kernel: [    5.165097] random: udevadm urandom read with 0 bits of entropy available
Nov  2 05:41:35 ladiesman461-laptop kernel: [    5.207342] ACPI: Video Device [GFX0] (multi-head: yes  rom: no  post: no)
Nov  2 05:41:35 ladiesman461-laptop kernel: [    5.207397] input: Video Bus as /devices/LNXSYSTM:00/LNXSYBUS:00/PNP0A03:00/LNXVIDEO:00/input/input4
Nov  2 05:41:35 ladiesman461-laptop kernel: [    5.219618] ahci 0000:00:0d.0: version 3.0
Nov  2 05:41:35 ladiesman461-laptop kernel: [    5.231438] e1000: Intel(R) PRO/1000 Network Driver - version 7.3.21-k8-NAPI
Nov  2 05:41:35 ladiesman461-laptop kernel: [    5.231440] e1000: Copyright (c) 1999-2006 Intel Corporation.
Nov  2 05:41:35 ladiesman461-laptop kernel: [    5.238867] ACPI: PCI Interrupt Link [LNKA] enabled at IRQ 11
Nov  2 05:41:35 ladiesman461-laptop kernel: [    5.238944] ahci 0000:00:0d.0: SSS flag set, parallel bus scan disabled
Nov  2 05:41:35 ladiesman461-laptop kernel: [    5.239069] ahci 0000:00:0d.0: AHCI 0001.0100 32 slots 1 ports 3 Gbps 0x1 impl SATA mode
Nov  2 05:41:35 ladiesman461-laptop kernel: [    5.239071] ahci 0000:00:0d.0: flags: 64bit ncq stag only ccc 
Nov  2 05:41:35 ladiesman461-laptop kernel: [    5.245837] scsi host2: ahci
Nov  2 05:41:35 ladiesman461-laptop kernel: [    5.245908] ata3: SATA max UDMA/133 abar m8192@0xf0806000 port 0xf0806100 irq 11
Nov  2 05:41:35 ladiesman461-laptop kernel: [    5.246690] ACPI: PCI Interrupt Link [LNKC] enabled at IRQ 10
Nov  2 05:41:35 ladiesman461-laptop kernel: [    5.246692] PCI: setting IRQ 10 as level-triggered
Nov  2 05:41:35 ladiesman461-laptop kernel: [    5.574356] input: ImExPS/2 Generic Explorer Mouse as /devices/platform/i8042/serio1/input/input5
Nov  2 05:41:35 ladiesman461-laptop kernel: [    5.610308] e1000 0000:00:03.0 eth0: (PCI:33MHz:32-bit) 08:00:27:97:45:f0
Nov  2 05:41:35 ladiesman461-laptop kernel: [    5.610314] e1000 0000:00:03.0 eth0: Intel(R) PRO/1000 Network Connection
Nov  2 05:41:35 ladiesman461-laptop kernel: [    5.611145] e1000 0000:00:03.0 enp0s3: renamed from eth0
Nov  2 05:41:35 ladiesman461-laptop kernel: [    5.630988] usb 1-1: new full-speed USB device number 2 using ohci-pci
Nov  2 05:41:35 ladiesman461-laptop kernel: [    5.678796] ata3: SATA link up 3.0 Gbps (SStatus 123 SControl 300)
Nov  2 05:41:35 ladiesman461-laptop kernel: [    5.678912] ata3.00: ATA-6: VBOX HARDDISK, 1.0, max UDMA/133
Nov  2 05:41:35 ladiesman461-laptop kernel: [    5.678914] ata3.00: 16777216 sectors, multi 128: LBA48 NCQ (depth 31/32)
Nov  2 05:41:35 ladiesman461-laptop kernel: [    5.679060] ata3.00: configured for UDMA/133
Nov  2 05:41:35 ladiesman461-laptop kernel: [    5.679143] scsi 2:0:0:0: Direct-Access     ATA      VBOX HARDDISK    1.0  PQ: 0 ANSI: 5
Nov  2 05:41:35 ladiesman461-laptop kernel: [    5.679311] sd 2:0:0:0: [sda] 16777216 512-byte logical blocks: (8.58 GB/8.00 GiB)
Nov  2 05:41:35 ladiesman461-laptop kernel: [    5.679335] sd 2:0:0:0: [sda] Write Protect is off
Nov  2 05:41:35 ladiesman461-laptop kernel: [    5.679337] sd 2:0:0:0: [sda] Mode Sense: 00 3a 00 00
Nov  2 05:41:35 ladiesman461-laptop kernel: [    5.679348] sd 2:0:0:0: [sda] Write cache: enabled, read cache: enabled, doesn't support DPO or FUA
Nov  2 05:41:35 ladiesman461-laptop kernel: [    5.679531] sd 2:0:0:0: Attached scsi generic sg0 type 0
Nov  2 05:41:35 ladiesman461-laptop kernel: [    5.746978]  sda: sda1 sda2 < sda5 >
Nov  2 05:41:35 ladiesman461-laptop kernel: [    5.747215] sd 2:0:0:0: [sda] Attached SCSI disk
Nov  2 05:41:35 ladiesman461-laptop kernel: [    5.774738] tsc: Refined TSC clocksource calibration: 2891.154 MHz
Nov  2 05:41:35 ladiesman461-laptop kernel: [    5.774743] clocksource: tsc: mask: 0xffffffffffffffff max_cycles: 0x29ac9e75b10, max_idle_ns: 440795245185 ns
Nov  2 05:41:35 ladiesman461-laptop kernel: [    5.896595] usb 1-1: New USB device found, idVendor=80ee, idProduct=0021
Nov  2 05:41:35 ladiesman461-laptop kernel: [    5.896598] usb 1-1: New USB device strings: Mfr=1, Product=3, SerialNumber=0
Nov  2 05:41:35 ladiesman461-laptop kernel: [    5.896599] usb 1-1: Product: USB Tablet
Nov  2 05:41:35 ladiesman461-laptop kernel: [    5.896600] usb 1-1: Manufacturer: VirtualBox
Nov  2 05:41:35 ladiesman461-laptop kernel: [    5.907370] hidraw: raw HID events driver (C) Jiri Kosina
Nov  2 05:41:35 ladiesman461-laptop kernel: [    5.916054] usbcore: registered new interface driver usbhid
Nov  2 05:41:35 ladiesman461-laptop kernel: [    5.916057] usbhid: USB HID core driver
Nov  2 05:41:35 ladiesman461-laptop kernel: [    5.919230] input: VirtualBox USB Tablet as /devices/pci0000:00/0000:00:06.0/usb1/1-1/1-1:1.0/0003:80EE:0021.0001/input/input6
Nov  2 05:41:35 ladiesman461-laptop kernel: [    5.919471] hid-generic 0003:80EE:0021.0001: input,hidraw0: USB HID v1.10 Mouse [VirtualBox USB Tablet] on usb-0000:00:06.0-1/input0
Nov  2 05:41:35 ladiesman461-laptop kernel: [    8.248191] floppy0: no floppy controllers found
Nov  2 05:41:35 ladiesman461-laptop kernel: [    8.248214] work still pending
Nov  2 05:41:35 ladiesman461-laptop kernel: [    8.455165] EXT4-fs (sda1): mounted filesystem with ordered data mode. Opts: (null)
Nov  2 05:41:35 ladiesman461-laptop kernel: [   10.445351] random: nonblocking pool is initialized
Nov  2 05:41:35 ladiesman461-laptop kernel: [   17.385346] lp: driver loaded but no devices found
Nov  2 05:41:35 ladiesman461-laptop kernel: [   17.416635] ppdev: user-space parallel port driver
Nov  2 05:41:35 ladiesman461-laptop kernel: [   18.579445] EXT4-fs (sda1): re-mounted. Opts: errors=remount-ro
Nov  2 05:41:35 ladiesman461-laptop kernel: [   20.855345] [drm] Initialized drm 1.1.0 20060810
Nov  2 05:41:35 ladiesman461-laptop kernel: [   21.006608] piix4_smbus 0000:00:07.0: SMBus base address uninitialized - upgrade BIOS or use force_addr=0xaddr
Nov  2 05:41:35 ladiesman461-laptop kernel: [   21.064976] ACPI: PCI Interrupt Link [LNKD] enabled at IRQ 9
Nov  2 05:41:35 ladiesman461-laptop kernel: [   21.064979] PCI: setting IRQ 9 as level-triggered
Nov  2 05:41:35 ladiesman461-laptop kernel: [   21.065877] VbgdCommonInitDevExt: Setting up heartbeat to trigger every 2000 milliseconds
Nov  2 05:41:35 ladiesman461-laptop kernel: [   21.066671] input: Unspecified device as /devices/pci0000:00/0000:00:04.0/input/input7
Nov  2 05:41:35 ladiesman461-laptop kernel: [   21.068478] vboxguest: misc device minor 56, IRQ 9, I/O port d020, MMIO at 00000000f0400000 (size 0x400000)
Nov  2 05:41:35 ladiesman461-laptop kernel: [   21.068480] vboxguest: Successfully loaded version 5.0.0_Ubuntu (interface 0x00010004)
Nov  2 05:41:35 ladiesman461-laptop kernel: [   21.082759] [drm] Initialized vboxvideo 1.0.0 20090303 for 0000:00:02.0 on minor 0
Nov  2 05:41:35 ladiesman461-laptop kernel: [   22.629735] intel_rapl: no valid rapl domains found in package 0
Nov  2 05:41:35 ladiesman461-laptop kernel: [   22.731098] snd_intel8x0 0000:00:05.0: disable (unknown or VT-d) VM optimization
Nov  2 05:41:35 ladiesman461-laptop kernel: [   23.003091] snd_intel8x0 0000:00:05.0: white list rate for 1028:0177 is 48000
Nov  2 05:41:35 ladiesman461-laptop kernel: [   23.966855] floppy0: no floppy controllers found
Nov  2 05:41:35 ladiesman461-laptop kernel: [   24.305950] Adding 784380k swap on /dev/sda5.  Priority:-1 extents:1 across:784380k FS
Nov  2 05:41:35 ladiesman461-laptop kernel: [   24.423847] audit: type=1400 audit(1446464486.940:2): apparmor="STATUS" operation="profile_load" profile="unconfined" name="/usr/lib/lightdm/lightdm-guest-session" pid=409 comm="apparmor_parser"
Nov  2 05:41:35 ladiesman461-laptop kernel: [   24.423854] audit: type=1400 audit(1446464486.940:3): apparmor="STATUS" operation="profile_load" profile="unconfined" name="chromium" pid=409 comm="apparmor_parser"
Nov  2 05:41:35 ladiesman461-laptop kernel: [   24.467509] audit: type=1400 audit(1446464486.988:4): apparmor="STATUS" operation="profile_load" profile="unconfined" name="/sbin/dhclient" pid=409 comm="apparmor_parser"
Nov  2 05:41:35 ladiesman461-laptop kernel: [   24.467516] audit: type=1400 audit(1446464486.988:5): apparmor="STATUS" operation="profile_load" profile="unconfined" name="/usr/lib/NetworkManager/nm-dhcp-client.action" pid=409 comm="apparmor_parser"
Nov  2 05:41:35 ladiesman461-laptop kernel: [   24.467519] audit: type=1400 audit(1446464486.988:6): apparmor="STATUS" operation="profile_load" profile="unconfined" name="/usr/lib/NetworkManager/nm-dhcp-helper" pid=409 comm="apparmor_parser"
Nov  2 05:41:35 ladiesman461-laptop kernel: [   24.467523] audit: type=1400 audit(1446464486.988:7): apparmor="STATUS" operation="profile_load" profile="unconfined" name="/usr/lib/connman/scripts/dhclient-script" pid=409 comm="apparmor_parser"
Nov  2 05:41:35 ladiesman461-laptop kernel: [   24.521265] audit: type=1400 audit(1446464487.040:8): apparmor="STATUS" operation="profile_load" profile="unconfined" name="/usr/bin/evince" pid=409 comm="apparmor_parser"
Nov  2 05:41:35 ladiesman461-laptop kernel: [   24.521273] audit: type=1400 audit(1446464487.040:9): apparmor="STATUS" operation="profile_load" profile="unconfined" name="sanitized_helper" pid=409 comm="apparmor_parser"
Nov  2 05:41:35 ladiesman461-laptop kernel: [   24.521277] audit: type=1400 audit(1446464487.040:10): apparmor="STATUS" operation="profile_load" profile="unconfined" name="/usr/bin/evince-previewer" pid=409 comm="apparmor_parser"
Nov  2 05:41:35 ladiesman461-laptop kernel: [   24.521281] audit: type=1400 audit(1446464487.040:11): apparmor="STATUS" operation="profile_load" profile="unconfined" name="sanitized_helper" pid=409 comm="apparmor_parser"
Nov  2 05:41:35 ladiesman461-laptop whoopsie[468]: [05:41:35] Could not get the Network Manager state:
Nov  2 05:41:35 ladiesman461-laptop whoopsie[468]: [05:41:35] GDBus.Error:org.freedesktop.DBus.Error.ServiceUnknown: The name org.freedesktop.NetworkManager was not provided by any .service files
Nov  2 05:41:35 ladiesman461-laptop NetworkManager[462]: <info>  NetworkManager (version 1.0.4) is starting...
Nov  2 05:41:35 ladiesman461-laptop NetworkManager[462]: <info>  Read config: /etc/NetworkManager/NetworkManager.conf
Nov  2 05:41:35 ladiesman461-laptop systemd[1]: Started Network Manager.
Nov  2 05:41:35 ladiesman461-laptop systemd[1]: Reached target Network.
Nov  2 05:41:35 ladiesman461-laptop systemd[1]: Reached target Network is Online.
Nov  2 05:41:35 ladiesman461-laptop systemd[1]: Starting LSB: Start NTP daemon...
Nov  2 05:41:35 ladiesman461-laptop systemd[1]: Starting /etc/rc.local Compatibility...
Nov  2 05:41:35 ladiesman461-laptop systemd[1]: Started /etc/rc.local Compatibility.
Nov  2 05:41:35 ladiesman461-laptop systemd[1]: Starting Wait for Plymouth Boot Screen to Quit...
Nov  2 05:41:35 ladiesman461-laptop NetworkManager[462]: <info>  DNS: loaded plugin dnsmasq
Nov  2 05:41:35 ladiesman461-laptop ntp[538]: * Starting NTP server ntpd
Nov  2 05:41:35 ladiesman461-laptop polkitd[520]: started daemon version 0.105 using authority implementation `local' version `0.105'
Nov  2 05:41:35 ladiesman461-laptop dbus[469]: [system] Successfully activated service 'org.freedesktop.PolicyKit1'
Nov  2 05:41:35 ladiesman461-laptop systemd[1]: Started Authenticate and Authorize Users to Run Privileged Tasks.
Nov  2 05:41:35 ladiesman461-laptop accounts-daemon[501]: started daemon version 0.6.40
Nov  2 05:41:35 ladiesman461-laptop systemd[1]: Started Accounts Service.
Nov  2 05:41:36 ladiesman461-laptop NetworkManager[462]: <info>  init!
Nov  2 05:41:36 ladiesman461-laptop NetworkManager[462]: <info>  update_system_hostname
Nov  2 05:41:36 ladiesman461-laptop NetworkManager[462]: <info>        interface-parser: parsing file /etc/network/interfaces
Nov  2 05:41:36 ladiesman461-laptop NetworkManager[462]: <info>        interface-parser: finished parsing file /etc/network/interfaces
Nov  2 05:41:36 ladiesman461-laptop NetworkManager[462]: <info>  management mode: unmanaged
Nov  2 05:41:36 ladiesman461-laptop NetworkManager[462]: <info>  devices added (path: /sys/devices/pci0000:00/0000:00:03.0/net/enp0s3, iface: enp0s3)
Nov  2 05:41:36 ladiesman461-laptop NetworkManager[462]: <info>  device added (path: /sys/devices/pci0000:00/0000:00:03.0/net/enp0s3, iface: enp0s3): no ifupdown configuration found.
Nov  2 05:41:36 ladiesman461-laptop NetworkManager[462]: <info>  devices added (path: /sys/devices/virtual/net/lo, iface: lo)
Nov  2 05:41:36 ladiesman461-laptop NetworkManager[462]: <info>  device added (path: /sys/devices/virtual/net/lo, iface: lo): no ifupdown configuration found.
Nov  2 05:41:36 ladiesman461-laptop NetworkManager[462]: <info>  end _init.
Nov  2 05:41:36 ladiesman461-laptop NetworkManager[462]: <info>  Loaded settings plugin ifupdown: (C) 2008 Canonical Ltd.  To report bugs please use the NetworkManager mailing list. (/usr/lib/i386-linux-gnu/NetworkManager/libnm-settings-plugin-ifupdown.so)
Nov  2 05:41:36 ladiesman461-laptop NetworkManager[462]: <info>  Loaded settings plugin keyfile: (c) 2007 - 2015 Red Hat, Inc.  To report bugs please use the NetworkManager mailing list.
Nov  2 05:41:36 ladiesman461-laptop NetworkManager[462]: <info>  SCPlugin-Ofono: init!
Nov  2 05:41:36 ladiesman461-laptop NetworkManager[462]: <warn>  SCPlugin-Ofono: file doesn't exist: /var/lib/ofono
Nov  2 05:41:36 ladiesman461-laptop NetworkManager[462]: <info>  SCPlugin-Ofono: end _init.
Nov  2 05:41:36 ladiesman461-laptop NetworkManager[462]: <info>  Loaded settings plugin ofono: (C) 2013 Canonical Ltd.  To report bugs please use the NetworkManager mailing list. (/usr/lib/i386-linux-gnu/NetworkManager/libnm-settings-plugin-ofono.so)
Nov  2 05:41:36 ladiesman461-laptop NetworkManager[462]: <info>  (165722992) ... get_connections.
Nov  2 05:41:36 ladiesman461-laptop NetworkManager[462]: <info>  (165722992) ... get_connections (managed=false): return empty list.
Nov  2 05:41:36 ladiesman461-laptop NetworkManager[462]: <info>  SCPlugin-Ofono: (165683224) ... get_connections.
Nov  2 05:41:36 ladiesman461-laptop NetworkManager[462]: <info>  SCPlugin-Ofono: (165683224) connections count: 0
Nov  2 05:41:36 ladiesman461-laptop NetworkManager[462]: <info>  get unmanaged devices count: 0
Nov  2 05:41:36 ladiesman461-laptop NetworkManager[462]: <info>  monitoring kernel firmware directory '/lib/firmware'.
Nov  2 05:41:36 ladiesman461-laptop NetworkManager[462]: <info>  monitoring ifupdown state file '/run/network/ifstate'.
Nov  2 05:41:36 ladiesman461-laptop ntpd[549]: ntpd 4.2.6p5@1.2349-o Fri Oct  2 10:30:36 UTC 2015 (1)
Nov  2 05:41:36 ladiesman461-laptop ntp[538]: ...done.
Nov  2 05:41:36 ladiesman461-laptop systemd[1]: Started LSB: Start NTP daemon.
Nov  2 05:41:36 ladiesman461-laptop ntpd[550]: proto: precision = 0.142 usec
Nov  2 05:41:36 ladiesman461-laptop NetworkManager[462]: <info>  Loaded device plugin: NMVxlanFactory (internal)
Nov  2 05:41:36 ladiesman461-laptop NetworkManager[462]: <info>  Loaded device plugin: NMVlanFactory (internal)
Nov  2 05:41:36 ladiesman461-laptop NetworkManager[462]: <info>  Loaded device plugin: NMVethFactory (internal)
Nov  2 05:41:36 ladiesman461-laptop NetworkManager[462]: <info>  Loaded device plugin: NMTunFactory (internal)
Nov  2 05:41:36 ladiesman461-laptop NetworkManager[462]: <info>  Loaded device plugin: NMMacvlanFactory (internal)
Nov  2 05:41:36 ladiesman461-laptop NetworkManager[462]: <info>  Loaded device plugin: NMInfinibandFactory (internal)
Nov  2 05:41:36 ladiesman461-laptop NetworkManager[462]: <info>  Loaded device plugin: NMGreFactory (internal)
Nov  2 05:41:36 ladiesman461-laptop NetworkManager[462]: <info>  Loaded device plugin: NMEthernetFactory (internal)
Nov  2 05:41:36 ladiesman461-laptop NetworkManager[462]: <info>  Loaded device plugin: NMBridgeFactory (internal)
Nov  2 05:41:36 ladiesman461-laptop NetworkManager[462]: <info>  Loaded device plugin: NMBondFactory (internal)
Nov  2 05:41:36 ladiesman461-laptop ntpd[550]: ntp_io: estimated max descriptors: 1024, initial socket boundary: 16
Nov  2 05:41:36 ladiesman461-laptop ntpd[550]: Listen and drop on 0 v4wildcard 0.0.0.0 UDP 123
Nov  2 05:41:36 ladiesman461-laptop NetworkManager[462]: <info>  Loaded device plugin: NMWifiFactory (/usr/lib/i386-linux-gnu/NetworkManager/libnm-device-plugin-wifi.so)
Nov  2 05:41:36 ladiesman461-laptop NetworkManager[462]: <info>  Loaded device plugin: NMAtmManager (/usr/lib/i386-linux-gnu/NetworkManager/libnm-device-plugin-adsl.so)
Nov  2 05:41:36 ladiesman461-laptop ntpd[550]: Listen and drop on 1 v6wildcard :: UDP 123
Nov  2 05:41:36 ladiesman461-laptop ntpd[550]: Listen normally on 2 lo 127.0.0.1 UDP 123
Nov  2 05:41:36 ladiesman461-laptop ntpd[550]: Listen normally on 3 lo ::1 UDP 123
Nov  2 05:41:36 ladiesman461-laptop ntpd[550]: peers refreshed
Nov  2 05:41:36 ladiesman461-laptop ntpd[550]: Listening on routing socket on fd #20 for interface updates
Nov  2 05:41:36 ladiesman461-laptop NetworkManager[462]: <info>  Loaded device plugin: NMBluezManager (/usr/lib/i386-linux-gnu/NetworkManager/libnm-device-plugin-bluetooth.so)
Nov  2 05:41:36 ladiesman461-laptop NetworkManager[462]: <info>  Loaded device plugin: NMWwanFactory (/usr/lib/i386-linux-gnu/NetworkManager/libnm-device-plugin-wwan.so)
Nov  2 05:41:36 ladiesman461-laptop NetworkManager[462]: <info>  WiFi enabled by radio killswitch; enabled by state file
Nov  2 05:41:36 ladiesman461-laptop NetworkManager[462]: <info>  WWAN enabled by radio killswitch; enabled by state file
Nov  2 05:41:36 ladiesman461-laptop NetworkManager[462]: <info>  WiMAX enabled by radio killswitch; enabled by state file
Nov  2 05:41:36 ladiesman461-laptop NetworkManager[462]: <info>  Networking is enabled by state file
Nov  2 05:41:36 ladiesman461-laptop NetworkManager[462]: nm_device_get_device_type: assertion 'NM_IS_DEVICE (self)' failed
Nov  2 05:41:36 ladiesman461-laptop NetworkManager[462]: <info>  (lo): link connected
Nov  2 05:41:36 ladiesman461-laptop NetworkManager[462]: <info>  (lo): new Generic device (carrier: ON, driver: 'unknown', ifindex: 1)
Nov  2 05:41:36 ladiesman461-laptop NetworkManager[462]: <info>  (enp0s3): new Ethernet device (carrier: OFF, driver: 'e1000', ifindex: 2)
Nov  2 05:41:36 ladiesman461-laptop NetworkManager[462]: <info>  (enp0s3): device state change: unmanaged -> unavailable (reason 'managed') [10 20 2]
Nov  2 05:41:36 ladiesman461-laptop NetworkManager[462]: <info>  keyfile: add connection in-memory (06d3a65b-8384-4f7f-a72a-c23a887e2b66,"Wired connection 1")
Nov  2 05:41:36 ladiesman461-laptop NetworkManager[462]: <info>  (enp0s3): created default wired connection 'Wired connection 1'
Nov  2 05:41:36 ladiesman461-laptop kernel: [   34.383443] IPv6: ADDRCONF(NETDEV_UP): enp0s3: link is not ready
Nov  2 05:41:36 ladiesman461-laptop kernel: [   34.385081] IPv6: ADDRCONF(NETDEV_UP): enp0s3: link is not ready
Nov  2 05:41:36 ladiesman461-laptop kernel: [   34.387501] e1000: enp0s3 NIC Link is Up 1000 Mbps Full Duplex, Flow Control: RX
Nov  2 05:41:36 ladiesman461-laptop kernel: [   34.387782] IPv6: ADDRCONF(NETDEV_CHANGE): enp0s3: link becomes ready
Nov  2 05:41:36 ladiesman461-laptop dbus[469]: [system] Activating via systemd: service name='fi.w1.wpa_supplicant1' unit='wpa_supplicant.service'
Nov  2 05:41:36 ladiesman461-laptop NetworkManager[462]: <info>  urfkill disappeared from the bus
Nov  2 05:41:36 ladiesman461-laptop NetworkManager[462]: <info>  (enp0s3): link connected
Nov  2 05:41:36 ladiesman461-laptop NetworkManager[462]: <info>  ofono is now available
Nov  2 05:41:36 ladiesman461-laptop NetworkManager[462]: <warn>  failed to enumerate oFono devices: GDBus.Error:org.freedesktop.DBus.Error.ServiceUnknown: The name org.ofono was not provided by any .service files
Nov  2 05:41:36 ladiesman461-laptop NetworkManager[462]: <info>  (enp0s3): device state change: unavailable -> disconnected (reason 'carrier-changed') [20 30 40]
Nov  2 05:41:36 ladiesman461-laptop systemd[1]: Starting WPA supplicant...
Nov  2 05:41:36 ladiesman461-laptop NetworkManager[462]: <info>  Device 'enp0s3' has no connection; scheduling activate_check in 0 seconds.
Nov  2 05:41:36 ladiesman461-laptop NetworkManager[462]: <info>  Auto-activating connection 'Wired connection 1'.
Nov  2 05:41:36 ladiesman461-laptop NetworkManager[462]: <info>  (enp0s3): Activation: starting connection 'Wired connection 1' (06d3a65b-8384-4f7f-a72a-c23a887e2b66)
Nov  2 05:41:36 ladiesman461-laptop NetworkManager[462]: <info>  (enp0s3): device state change: disconnected -> prepare (reason 'none') [30 40 0]
Nov  2 05:41:36 ladiesman461-laptop NetworkManager[462]: <info>  NetworkManager state is now CONNECTING
Nov  2 05:41:36 ladiesman461-laptop whoopsie[468]: [05:41:36] offline
Nov  2 05:41:36 ladiesman461-laptop NetworkManager[462]: <info>  (enp0s3): device state change: prepare -> config (reason 'none') [40 50 0]
Nov  2 05:41:36 ladiesman461-laptop NetworkManager[462]: <info>  (enp0s3): device state change: config -> ip-config (reason 'none') [50 70 0]
Nov  2 05:41:36 ladiesman461-laptop NetworkManager[462]: <info>  Activation (enp0s3) Beginning DHCPv4 transaction (timeout in 45 seconds)
Nov  2 05:41:37 ladiesman461-laptop ntpd[550]: Deferring DNS for 0.ubuntu.pool.ntp.org 1
Nov  2 05:41:37 ladiesman461-laptop ntpd[550]: Deferring DNS for 1.ubuntu.pool.ntp.org 1
Nov  2 05:41:37 ladiesman461-laptop ntpd[550]: Deferring DNS for 2.ubuntu.pool.ntp.org 1
Nov  2 05:41:37 ladiesman461-laptop ntpd[550]: Deferring DNS for 3.ubuntu.pool.ntp.org 1
Nov  2 05:41:37 ladiesman461-laptop ntpd[550]: Deferring DNS for ntp.ubuntu.com 1
Nov  2 05:41:37 ladiesman461-laptop NetworkManager[462]: <info>  dhclient started with pid 553
Nov  2 05:41:37 ladiesman461-laptop systemd[1]: Started Modem Manager.
Nov  2 05:41:37 ladiesman461-laptop NetworkManager[462]: <info>  ModemManager disappeared from bus
Nov  2 05:41:37 ladiesman461-laptop NetworkManager[462]: <info>  ModemManager available in the bus
Nov  2 05:41:37 ladiesman461-laptop dbus[469]: [system] Successfully activated service 'fi.w1.wpa_supplicant1'
Nov  2 05:41:37 ladiesman461-laptop wpa_supplicant[551]: Successfully initialized wpa_supplicant
Nov  2 05:41:37 ladiesman461-laptop systemd[1]: Started WPA supplicant.
Nov  2 05:41:37 ladiesman461-laptop NetworkManager[462]: <info>  wpa_supplicant running
Nov  2 05:41:38 ladiesman461-laptop dhclient: DHCPDISCOVER on enp0s3 to 255.255.255.255 port 67 interval 3 (xid=0xdec5df62)
Nov  2 05:41:39 ladiesman461-laptop dhclient: DHCPREQUEST of 172.17.4.249 on enp0s3 to 255.255.255.255 port 67 (xid=0x62dfc5de)
Nov  2 05:41:39 ladiesman461-laptop dhclient: DHCPOFFER of 172.17.4.249 from 192.17.2.10
Nov  2 05:41:39 ladiesman461-laptop dhclient: DHCPACK of 172.17.4.249 from 192.17.2.20
Nov  2 05:41:39 ladiesman461-laptop NetworkManager[462]: <info>    address 172.17.4.249
Nov  2 05:41:39 ladiesman461-laptop NetworkManager[462]: <info>    plen 16 (255.255.0.0)
Nov  2 05:41:39 ladiesman461-laptop NetworkManager[462]: <info>    gateway 172.17.0.1
Nov  2 05:41:39 ladiesman461-laptop NetworkManager[462]: <info>    server identifier 192.17.2.20
Nov  2 05:41:39 ladiesman461-laptop NetworkManager[462]: <info>    lease time 14400
Nov  2 05:41:39 ladiesman461-laptop NetworkManager[462]: <info>    nameserver '130.126.2.131'
Nov  2 05:41:39 ladiesman461-laptop NetworkManager[462]: <info>    wins '128.174.5.30'
Nov  2 05:41:39 ladiesman461-laptop NetworkManager[462]: <info>    wins '128.174.5.31'
Nov  2 05:41:39 ladiesman461-laptop NetworkManager[462]: <info>  (enp0s3): DHCPv4 state changed unknown -> bound
Nov  2 05:41:39 ladiesman461-laptop NetworkManager[462]: <info>  (enp0s3): device state change: ip-config -> ip-check (reason 'none') [70 80 0]
Nov  2 05:41:39 ladiesman461-laptop NetworkManager[462]: <info>  (enp0s3): device state change: ip-check -> secondaries (reason 'none') [80 90 0]
Nov  2 05:41:39 ladiesman461-laptop NetworkManager[462]: <info>  (enp0s3): device state change: secondaries -> activated (reason 'none') [90 100 0]
Nov  2 05:41:39 ladiesman461-laptop NetworkManager[462]: <info>  NetworkManager state is now CONNECTED_LOCAL
Nov  2 05:41:39 ladiesman461-laptop NetworkManager[462]: <info>  NetworkManager state is now CONNECTED_GLOBAL
Nov  2 05:41:39 ladiesman461-laptop NetworkManager[462]: <info>  Policy set 'Wired connection 1' (enp0s3) as default for IPv4 routing and DNS.
Nov  2 05:41:39 ladiesman461-laptop NetworkManager[462]: <info>  DNS: starting dnsmasq...
Nov  2 05:41:39 ladiesman461-laptop dhclient: bound to 172.17.4.249 -- renewal in 6606 seconds.
Nov  2 05:41:39 ladiesman461-laptop NetworkManager[462]: <warn>  dnsmasq not available on the bus, can't update servers.
Nov  2 05:41:39 ladiesman461-laptop NetworkManager[462]: <error> [1446464499.189058] [dns-manager/nm-dns-dnsmasq.c:387] update(): dnsmasq owner not found on bus: Could not get owner of name 'org.freedesktop.NetworkManager.dnsmasq': no such name
Nov  2 05:41:39 ladiesman461-laptop NetworkManager[462]: <warn>  DNS: plugin dnsmasq update failed
Nov  2 05:41:39 ladiesman461-laptop NetworkManager[462]: <info>  Writing DNS information to /sbin/resolvconf
Nov  2 05:41:39 ladiesman461-laptop NetworkManager[462]: <info>  (enp0s3): Activation: successful, device activated.
Nov  2 05:41:39 ladiesman461-laptop dbus[469]: [system] Activating via systemd: service name='org.freedesktop.nm_dispatcher' unit='dbus-org.freedesktop.nm-dispatcher.service'
Nov  2 05:41:39 ladiesman461-laptop systemd[1]: Starting Network Manager Script Dispatcher Service...
Nov  2 05:41:39 ladiesman461-laptop whoopsie[468]: [05:41:39] The default IPv4 route is: /org/freedesktop/NetworkManager/ActiveConnection/0
Nov  2 05:41:39 ladiesman461-laptop whoopsie[468]: [05:41:39] Not a paid data plan: /org/freedesktop/NetworkManager/ActiveConnection/0
Nov  2 05:41:39 ladiesman461-laptop whoopsie[468]: [05:41:39] Found usable connection: /org/freedesktop/NetworkManager/ActiveConnection/0
Nov  2 05:41:39 ladiesman461-laptop whoopsie[468]: [05:41:39] online
Nov  2 05:41:39 ladiesman461-laptop NetworkManager[462]: <warn>  dnsmasq appeared on DBus: :1.9
Nov  2 05:41:39 ladiesman461-laptop NetworkManager[462]: <info>  Writing DNS information to /sbin/resolvconf
Nov  2 05:41:39 ladiesman461-laptop dnsmasq[561]: started, version 2.75 cache disabled
Nov  2 05:41:39 ladiesman461-laptop dnsmasq[561]: compile time options: IPv6 GNU-getopt DBus i18n IDN DHCP DHCPv6 no-Lua TFTP conntrack ipset auth DNSSEC loop-detect inotify
Nov  2 05:41:39 ladiesman461-laptop dnsmasq[561]: DBus support enabled: connected to system bus
Nov  2 05:41:39 ladiesman461-laptop dnsmasq[561]: warning: no upstream servers configured
Nov  2 05:41:39 ladiesman461-laptop dnsmasq[561]: setting upstream servers from DBus
Nov  2 05:41:39 ladiesman461-laptop dnsmasq[561]: using nameserver 130.126.2.131#53
Nov  2 05:41:39 ladiesman461-laptop dbus[469]: [system] Successfully activated service 'org.freedesktop.nm_dispatcher'
Nov  2 05:41:39 ladiesman461-laptop systemd[1]: Started Network Manager Script Dispatcher Service.
Nov  2 05:41:39 ladiesman461-laptop nm-dispatcher: Dispatching action 'up' for enp0s3
Nov  2 05:41:39 ladiesman461-laptop ModemManager[465]: <info>  Couldn't find support for device at '/sys/devices/pci0000:00/0000:00:03.0': not supported by any plugin
Nov  2 05:41:40 ladiesman461-laptop gpu-manager[463]: update-alternatives: error: no alternatives for i386-linux-gnu_gfxcore_conf
Nov  2 05:41:40 ladiesman461-laptop systemd[1]: Started Detect the available GPUs and deal with any system changes.
Nov  2 05:41:40 ladiesman461-laptop systemd[1]: Starting Light Display Manager...
Nov  2 05:41:40 ladiesman461-laptop ntpd[550]: Listen normally on 4 enp0s3 172.17.4.249 UDP 123
Nov  2 05:41:40 ladiesman461-laptop ntpd[550]: Listen normally on 5 enp0s3 fe80::a00:27ff:fe97:45f0 UDP 123
Nov  2 05:41:40 ladiesman461-laptop ntpd[550]: peers refreshed
Nov  2 05:41:40 ladiesman461-laptop ntpd[550]: new interface(s) found: waking up resolver
Nov  2 05:41:40 ladiesman461-laptop systemd[1]: Received SIGRTMIN+21 from PID 278 (plymouthd).
Nov  2 05:41:40 ladiesman461-laptop systemd[1]: Started Wait for Plymouth Boot Screen to Quit.
Nov  2 05:41:40 ladiesman461-laptop systemd[1]: Started Getty on tty1.
Nov  2 05:41:40 ladiesman461-laptop systemd[1]: Reached target Login Prompts.
Nov  2 05:41:40 ladiesman461-laptop systemd[1]: Reached target Multi-User System.
Nov  2 05:41:40 ladiesman461-laptop systemd[1]: Started Light Display Manager.
Nov  2 05:41:40 ladiesman461-laptop systemd[1]: Reached target Graphical Interface.
Nov  2 05:41:40 ladiesman461-laptop systemd[1]: Starting Update UTMP about System Runlevel Changes...
Nov  2 05:41:40 ladiesman461-laptop systemd[1]: Started Update UTMP about System Runlevel Changes.
Nov  2 05:41:40 ladiesman461-laptop systemd[1]: Startup finished in 5.516s (kernel) + 28.341s (userspace) = 33.857s.
Nov  2 05:41:41 ladiesman461-laptop NetworkManager[462]: <info>  startup complete
Nov  2 05:41:42 ladiesman461-laptop ntpd_intres[552]: DNS 0.ubuntu.pool.ntp.org -> 198.60.22.240
Nov  2 05:41:42 ladiesman461-laptop ntpd_intres[552]: DNS 1.ubuntu.pool.ntp.org -> 198.211.106.151
Nov  2 05:41:42 ladiesman461-laptop ntpd_intres[552]: DNS 2.ubuntu.pool.ntp.org -> 199.199.208.25
Nov  2 05:41:42 ladiesman461-laptop ntpd_intres[552]: DNS 3.ubuntu.pool.ntp.org -> 173.203.211.73
Nov  2 05:41:42 ladiesman461-laptop ntpd_intres[552]: DNS ntp.ubuntu.com -> 91.189.89.199
Nov  2 05:41:43 ladiesman461-laptop systemd[1]: Created slice user-110.slice.
Nov  2 05:41:43 ladiesman461-laptop systemd[1]: Starting User Manager for UID 110...
Nov  2 05:41:43 ladiesman461-laptop systemd[1]: Started Session c1 of user lightdm.
Nov  2 05:41:43 ladiesman461-laptop systemd[683]: Reached target Sockets.
Nov  2 05:41:43 ladiesman461-laptop systemd[683]: Reached target Timers.
Nov  2 05:41:43 ladiesman461-laptop systemd[683]: Reached target Paths.
Nov  2 05:41:43 ladiesman461-laptop systemd[683]: Reached target Basic System.
Nov  2 05:41:43 ladiesman461-laptop systemd[683]: Reached target Default.
Nov  2 05:41:43 ladiesman461-laptop systemd[683]: Startup finished in 110ms.
Nov  2 05:41:43 ladiesman461-laptop systemd[1]: Started User Manager for UID 110.
Nov  2 05:41:46 ladiesman461-laptop NetworkManager[462]: <info>  WiFi hardware radio set enabled
Nov  2 05:41:46 ladiesman461-laptop NetworkManager[462]: <info>  WWAN hardware radio set enabled
Nov  2 05:42:11 ladiesman461-laptop org.gtk.vfs.Daemon[692]: A connection to the bus can't be made
Nov  2 05:42:11 ladiesman461-laptop systemd[1]: Created slice user-1000.slice.
Nov  2 05:42:11 ladiesman461-laptop systemd[1]: Starting User Manager for UID 1000...
Nov  2 05:42:11 ladiesman461-laptop systemd[1]: Started Session c2 of user ladiesman461.
Nov  2 05:42:11 ladiesman461-laptop systemd[731]: Reached target Timers.
Nov  2 05:42:11 ladiesman461-laptop systemd[731]: Reached target Paths.
Nov  2 05:42:11 ladiesman461-laptop systemd[731]: Reached target Sockets.
Nov  2 05:42:11 ladiesman461-laptop systemd[731]: Reached target Basic System.
Nov  2 05:42:11 ladiesman461-laptop systemd[731]: Reached target Default.
Nov  2 05:42:11 ladiesman461-laptop systemd[731]: Startup finished in 18ms.
Nov  2 05:42:11 ladiesman461-laptop systemd[1]: Started User Manager for UID 1000.
Nov  2 05:42:11 ladiesman461-laptop systemd[1]: Stopping User Manager for UID 110...
Nov  2 05:42:11 ladiesman461-laptop systemd[683]: Stopped target Default.
Nov  2 05:42:11 ladiesman461-laptop systemd[683]: Reached target Shutdown.
Nov  2 05:42:11 ladiesman461-laptop systemd[683]: Starting Exit the Session...
Nov  2 05:42:11 ladiesman461-laptop systemd[683]: Stopped target Basic System.
Nov  2 05:42:11 ladiesman461-laptop systemd[683]: Stopped target Paths.
Nov  2 05:42:11 ladiesman461-laptop systemd[683]: Stopped target Timers.
Nov  2 05:42:11 ladiesman461-laptop systemd[683]: Stopped target Sockets.
Nov  2 05:42:11 ladiesman461-laptop systemd[683]: Received SIGRTMIN+24 from PID 741 (kill).
Nov  2 05:42:11 ladiesman461-laptop systemd[1]: Stopped User Manager for UID 110.
Nov  2 05:42:11 ladiesman461-laptop systemd[1]: Removed slice user-110.slice.
Nov  2 05:42:16 ladiesman461-laptop dbus[469]: [system] Activating via systemd: service name='org.freedesktop.UDisks2' unit='udisks2.service'
Nov  2 05:42:16 ladiesman461-laptop systemd[1]: Starting Disk Manager...
Nov  2 05:42:16 ladiesman461-laptop udisksd[988]: udisks daemon version 2.1.6 starting
Nov  2 05:42:16 ladiesman461-laptop dbus[469]: [system] Activating via systemd: service name='org.freedesktop.UPower' unit='upower.service'
Nov  2 05:42:16 ladiesman461-laptop systemd[1]: Starting Daemon for power management...
Nov  2 05:42:16 ladiesman461-laptop dbus[469]: [system] Successfully activated service 'org.freedesktop.UDisks2'
Nov  2 05:42:16 ladiesman461-laptop systemd[1]: Started Disk Manager.
Nov  2 05:42:16 ladiesman461-laptop udisksd[988]: Acquired the name org.freedesktop.UDisks2 on the system message bus
Nov  2 05:42:16 ladiesman461-laptop dbus[469]: [system] Successfully activated service 'org.freedesktop.UPower'
Nov  2 05:42:16 ladiesman461-laptop systemd[1]: Started Daemon for power management.
Nov  2 05:42:16 ladiesman461-laptop org.gtk.Private.AfcVolumeMonitor[791]: Volume monitor alive
Nov  2 05:45:00 ladiesman461-laptop systemd[1]: Time has been changed
Nov  2 05:45:00 ladiesman461-laptop systemd[731]: Time has been changed
Nov  2 05:46:36 ladiesman461-laptop anacron[498]: Job `cron.daily' started
Nov  2 05:46:37 ladiesman461-laptop anacron[1497]: Updated timestamp for job `cron.daily' to 2015-11-02
Nov  2 05:52:10 ladiesman461-laptop systemd[1]: Reloading.
Nov  2 05:52:10 ladiesman461-laptop systemd[1]: Stopping LSB: Start NTP daemon...
Nov  2 05:52:10 ladiesman461-laptop ntp[1689]: * Stopping NTP server ntpd
Nov  2 05:52:10 ladiesman461-laptop ntpd[550]: ntpd exiting on signal 15
Nov  2 05:52:10 ladiesman461-laptop ntp[1689]: ...done.
Nov  2 05:52:10 ladiesman461-laptop systemd[1]: Stopped LSB: Start NTP daemon.
Nov  2 05:52:10 ladiesman461-laptop systemd[1]: Reloading.
Nov  2 05:52:12 ladiesman461-laptop systemd[1]: Reloading.
Nov  2 05:52:12 ladiesman461-laptop systemd[1]: Stopping LSB: automatic crash report generation...
Nov  2 05:52:12 ladiesman461-laptop apport[1864]: * Stopping automatic crash report generation: apport
Nov  2 05:52:12 ladiesman461-laptop systemd[1]: Stopped LSB: automatic crash report generation.
Nov  2 05:52:12 ladiesman461-laptop apport[1864]: ...done.
Nov  2 05:52:15 ladiesman461-laptop systemd[1]: Reloading.
Nov  2 05:52:21 ladiesman461-laptop kernel: [  676.160149] audit_printk_skb: 21 callbacks suppressed
Nov  2 05:52:21 ladiesman461-laptop kernel: [  676.160152] audit: type=1400 audit(1446465141.487:19): apparmor="STATUS" operation="profile_replace" profile="unconfined" name="/usr/sbin/ntpd" pid=2663 comm="apparmor_parser"
Nov  2 05:52:21 ladiesman461-laptop systemd[1]: Reloading.
Nov  2 05:52:21 ladiesman461-laptop systemd[1]: Reloading.
Nov  2 05:52:21 ladiesman461-laptop systemd[1]: Starting LSB: Start NTP daemon...
Nov  2 05:52:22 ladiesman461-laptop ntp[2730]: * Starting NTP server ntpd
Nov  2 05:52:22 ladiesman461-laptop ntpd[2736]: ntpd 4.2.6p5@1.2349-o Fri Oct 23 16:44:29 UTC 2015 (1)
Nov  2 05:52:22 ladiesman461-laptop systemd[1]: Started LSB: Start NTP daemon.
Nov  2 05:52:22 ladiesman461-laptop ntp[2730]: ...done.
Nov  2 05:52:22 ladiesman461-laptop ntpd[2737]: proto: precision = 0.193 usec
Nov  2 05:52:22 ladiesman461-laptop ntpd[2737]: ntp_io: estimated max descriptors: 1024, initial socket boundary: 16
Nov  2 05:52:22 ladiesman461-laptop ntpd[2737]: Listen and drop on 0 v4wildcard 0.0.0.0 UDP 123
Nov  2 05:52:22 ladiesman461-laptop ntpd[2737]: Listen and drop on 1 v6wildcard :: UDP 123
Nov  2 05:52:22 ladiesman461-laptop ntpd[2737]: Listen normally on 2 lo 127.0.0.1 UDP 123
Nov  2 05:52:22 ladiesman461-laptop ntpd[2737]: Listen normally on 3 enp0s3 172.17.4.249 UDP 123
Nov  2 05:52:22 ladiesman461-laptop ntpd[2737]: Listen normally on 4 lo ::1 UDP 123
Nov  2 05:52:22 ladiesman461-laptop ntpd[2737]: Listen normally on 5 enp0s3 fe80::a00:27ff:fe97:45f0 UDP 123
Nov  2 05:52:22 ladiesman461-laptop ntpd[2737]: peers refreshed
Nov  2 05:52:22 ladiesman461-laptop ntpd[2737]: Listening on routing socket on fd #22 for interface updates
Nov  2 05:52:23 ladiesman461-laptop systemd[1]: Reloading.
Nov  2 05:52:23 ladiesman461-laptop systemd[1]: Reloading.
Nov  2 05:52:23 ladiesman461-laptop systemd[1]: Starting LSB: automatic crash report generation...
Nov  2 05:52:23 ladiesman461-laptop apport[2848]: * Starting automatic crash report generation: apport
Nov  2 05:52:23 ladiesman461-laptop systemd[1]: Started LSB: automatic crash report generation.
Nov  2 05:52:23 ladiesman461-laptop apport[2848]: ...done.
Nov  2 05:53:36 ladiesman461-laptop systemd[1]: Stopped target Graphical Interface.
Nov  2 05:53:36 ladiesman461-laptop systemd[1]: Stopping Session c2 of user ladiesman461.
Nov  2 05:53:36 ladiesman461-laptop systemd[1]: Stopped target Multi-User System.
Nov  2 05:53:36 ladiesman461-laptop systemd[1]: Stopping LSB: daemon to balance interrupts for SMP systems...
Nov  2 05:53:36 ladiesman461-laptop systemd[1]: Stopping Run anacron jobs...
Nov  2 05:53:36 ladiesman461-laptop systemd[1]: Stopping LSB: automatic crash report generation...
Nov  2 05:53:36 ladiesman461-laptop systemd[1]: Deactivating swap /dev/sda5...
Nov  2 05:53:36 ladiesman461-laptop systemd[1]: Stopped target Login Prompts.
Nov  2 05:53:36 ladiesman461-laptop systemd[1]: Stopping Disk Manager...
Nov  2 05:53:36 ladiesman461-laptop systemd[1]: Stopped target Timers.
Nov  2 05:53:36 ladiesman461-laptop systemd[1]: Stopping LSB: Set the CPU Frequency Scaling governor to "ondemand"...
Nov  2 05:53:36 ladiesman461-laptop ModemManager[465]: <info>  Caught signal, shutting down...
Nov  2 05:53:36 ladiesman461-laptop systemd[1]: Starting Store Sound Card State...
Nov  2 05:53:36 ladiesman461-laptop systemd[1]: Stopping Regular background program processing daemon...
Nov  2 05:53:36 ladiesman461-laptop systemd[1]: Stopped target Sound Card.
Nov  2 05:53:36 ladiesman461-laptop rsyslogd: [origin software="rsyslogd" swVersion="8.12.0" x-pid="503" x-info="http://www.rsyslog.com"] exiting on signal 15.
Nov  2 05:54:29 ladiesman461-laptop rsyslogd: [origin software="rsyslogd" swVersion="8.12.0" x-pid="463" x-info="http://www.rsyslog.com"] start
Nov  2 05:54:28 ladiesman461-laptop rsyslogd-2222: command 'KLogPermitNonKernelFacility' is currently not permitted - did you already set it via a RainerScript command (v6+ config)? [v8.12.0 try http://www.rsyslog.com/e/2222 ]
Nov  2 05:54:29 ladiesman461-laptop rsyslogd: rsyslogd's groupid changed to 109
Nov  2 05:54:29 ladiesman461-laptop rsyslogd: rsyslogd's userid changed to 104
Nov  2 05:54:29 ladiesman461-laptop rsyslogd-2039: Could not open output pipe '/dev/xconsole':: Permission denied [v8.12.0 try http://www.rsyslog.com/e/2039 ]
Nov  2 05:54:29 ladiesman461-laptop rsyslogd-2007: action 'action 10' suspended, next retry is Mon Nov  2 05:54:59 2015 [v8.12.0 try http://www.rsyslog.com/e/2007 ]
Nov  2 05:54:29 ladiesman461-laptop kernel: [    0.000000] Initializing cgroup subsys cpuset
Nov  2 05:54:29 ladiesman461-laptop kernel: [    0.000000] Initializing cgroup subsys cpu
Nov  2 05:54:29 ladiesman461-laptop kernel: [    0.000000] Initializing cgroup subsys cpuacct
Nov  2 05:54:29 ladiesman461-laptop kernel: [    0.000000] Linux version 4.2.0-16-generic (buildd@lgw01-22) (gcc version 5.2.1 20151003 (Ubuntu 5.2.1-21ubuntu2) ) #19-Ubuntu SMP Thu Oct 8 14:46:51 UTC 2015 (Ubuntu 4.2.0-16.19-generic 4.2.3)
Nov  2 05:54:29 ladiesman461-laptop kernel: [    0.000000] KERNEL supported cpus:
Nov  2 05:54:29 ladiesman461-laptop kernel: [    0.000000]   Intel GenuineIntel
Nov  2 05:54:29 ladiesman461-laptop kernel: [    0.000000]   AMD AuthenticAMD
Nov  2 05:54:29 ladiesman461-laptop kernel: [    0.000000]   NSC Geode by NSC
Nov  2 05:54:29 ladiesman461-laptop kernel: [    0.000000]   Cyrix CyrixInstead
Nov  2 05:54:29 ladiesman461-laptop kernel: [    0.000000]   Centaur CentaurHauls
Nov  2 05:54:29 ladiesman461-laptop kernel: [    0.000000]   Transmeta GenuineTMx86
Nov  2 05:54:29 ladiesman461-laptop kernel: [    0.000000]   Transmeta TransmetaCPU
Nov  2 05:54:29 ladiesman461-laptop kernel: [    0.000000]   UMC UMC UMC UMC
Nov  2 05:54:29 ladiesman461-laptop kernel: [    0.000000] x86/fpu: xstate_offset[2]: 0240, xstate_sizes[2]: 0100
Nov  2 05:54:29 ladiesman461-laptop kernel: [    0.000000] x86/fpu: Supporting XSAVE feature 0x01: 'x87 floating point registers'
Nov  2 05:54:29 ladiesman461-laptop kernel: [    0.000000] x86/fpu: Supporting XSAVE feature 0x02: 'SSE registers'
Nov  2 05:54:29 ladiesman461-laptop kernel: [    0.000000] x86/fpu: Supporting XSAVE feature 0x04: 'AVX registers'
Nov  2 05:54:29 ladiesman461-laptop kernel: [    0.000000] x86/fpu: Enabled xstate features 0x7, context size is 0x340 bytes, using 'standard' format.
Nov  2 05:54:29 ladiesman461-laptop kernel: [    0.000000] x86/fpu: Using 'lazy' FPU context switches.
Nov  2 05:54:29 ladiesman461-laptop kernel: [    0.000000] e820: BIOS-provided physical RAM map:
Nov  2 05:54:29 ladiesman461-laptop kernel: [    0.000000] BIOS-e820: [mem 0x0000000000000000-0x000000000009fbff] usable
Nov  2 05:54:29 ladiesman461-laptop kernel: [    0.000000] BIOS-e820: [mem 0x000000000009fc00-0x000000000009ffff] reserved
Nov  2 05:54:29 ladiesman461-laptop kernel: [    0.000000] BIOS-e820: [mem 0x00000000000f0000-0x00000000000fffff] reserved
Nov  2 05:54:29 ladiesman461-laptop kernel: [    0.000000] BIOS-e820: [mem 0x0000000000100000-0x000000002ffeffff] usable
Nov  2 05:54:29 ladiesman461-laptop kernel: [    0.000000] BIOS-e820: [mem 0x000000002fff0000-0x000000002fffffff] ACPI data
Nov  2 05:54:29 ladiesman461-laptop kernel: [    0.000000] BIOS-e820: [mem 0x00000000fffc0000-0x00000000ffffffff] reserved
Nov  2 05:54:29 ladiesman461-laptop kernel: [    0.000000] NX (Execute Disable) protection: active
Nov  2 05:54:29 ladiesman461-laptop kernel: [    0.000000] SMBIOS 2.5 present.
Nov  2 05:54:29 ladiesman461-laptop kernel: [    0.000000] DMI: innotek GmbH VirtualBox/VirtualBox, BIOS VirtualBox 12/01/2006
Nov  2 05:54:29 ladiesman461-laptop kernel: [    0.000000] Hypervisor detected: KVM
Nov  2 05:54:29 ladiesman461-laptop kernel: [    0.000000] e820: update [mem 0x00000000-0x00000fff] usable ==> reserved
Nov  2 05:54:29 ladiesman461-laptop kernel: [    0.000000] e820: remove [mem 0x000a0000-0x000fffff] usable
Nov  2 05:54:29 ladiesman461-laptop kernel: [    0.000000] e820: last_pfn = 0x2fff0 max_arch_pfn = 0x1000000
Nov  2 05:54:29 ladiesman461-laptop kernel: [    0.000000] MTRR default type: uncachable
Nov  2 05:54:29 ladiesman461-laptop kernel: [    0.000000] MTRR variable ranges disabled:
Nov  2 05:54:29 ladiesman461-laptop kernel: [    0.000000] x86/PAT: Configuration [0-7]: WB  WC  UC- UC  WB  WC  UC- WT  
Nov  2 05:54:29 ladiesman461-laptop kernel: [    0.000000] MTRR: Disabled
Nov  2 05:54:29 ladiesman461-laptop kernel: [    0.000000] CPU MTRRs all blank - virtualized system.
Nov  2 05:54:29 ladiesman461-laptop kernel: [    0.000000] Scanning 1 areas for low memory corruption
Nov  2 05:54:29 ladiesman461-laptop kernel: [    0.000000] initial memory mapped: [mem 0x00000000-0x021fffff]
Nov  2 05:54:29 ladiesman461-laptop kernel: [    0.000000] Base memory trampoline at [c009b000] 9b000 size 16384
Nov  2 05:54:29 ladiesman461-laptop kernel: [    0.000000] init_memory_mapping: [mem 0x00000000-0x000fffff]
Nov  2 05:54:29 ladiesman461-laptop kernel: [    0.000000]  [mem 0x00000000-0x000fffff] page 4k
Nov  2 05:54:29 ladiesman461-laptop kernel: [    0.000000] init_memory_mapping: [mem 0x2fc00000-0x2fdfffff]
Nov  2 05:54:29 ladiesman461-laptop kernel: [    0.000000]  [mem 0x2fc00000-0x2fdfffff] page 2M
Nov  2 05:54:29 ladiesman461-laptop kernel: [    0.000000] init_memory_mapping: [mem 0x20000000-0x2fbfffff]
Nov  2 05:54:29 ladiesman461-laptop kernel: [    0.000000]  [mem 0x20000000-0x2fbfffff] page 2M
Nov  2 05:54:29 ladiesman461-laptop kernel: [    0.000000] init_memory_mapping: [mem 0x00100000-0x1fffffff]
Nov  2 05:54:29 ladiesman461-laptop kernel: [    0.000000]  [mem 0x00100000-0x001fffff] page 4k
Nov  2 05:54:29 ladiesman461-laptop kernel: [    0.000000]  [mem 0x00200000-0x1fffffff] page 2M
Nov  2 05:54:29 ladiesman461-laptop kernel: [    0.000000] init_memory_mapping: [mem 0x2fe00000-0x2ffeffff]
Nov  2 05:54:29 ladiesman461-laptop kernel: [    0.000000]  [mem 0x2fe00000-0x2ffeffff] page 4k
Nov  2 05:54:29 ladiesman461-laptop kernel: [    0.000000] BRK [0x01cdc000, 0x01cdcfff] PGTABLE
Nov  2 05:54:29 ladiesman461-laptop kernel: [    0.000000] BRK [0x01cdd000, 0x01cddfff] PGTABLE
Nov  2 05:54:29 ladiesman461-laptop kernel: [    0.000000] RAMDISK: [mem 0x2d549000-0x2f4b4fff]
Nov  2 05:54:29 ladiesman461-laptop kernel: [    0.000000] ACPI: Early table checksum verification disabled
Nov  2 05:54:29 ladiesman461-laptop kernel: [    0.000000] ACPI: RSDP 0x00000000000E0000 000024 (v02 VBOX  )
Nov  2 05:54:29 ladiesman461-laptop kernel: [    0.000000] ACPI: XSDT 0x000000002FFF0030 000034 (v01 VBOX   VBOXXSDT 00000001 ASL  00000061)
Nov  2 05:54:29 ladiesman461-laptop kernel: [    0.000000] ACPI: FACP 0x000000002FFF00F0 0000F4 (v04 VBOX   VBOXFACP 00000001 ASL  00000061)
Nov  2 05:54:29 ladiesman461-laptop kernel: [    0.000000] ACPI: DSDT 0x000000002FFF0410 001CEB (v01 VBOX   VBOXBIOS 00000002 INTL 20100528)
Nov  2 05:54:29 ladiesman461-laptop kernel: [    0.000000] ACPI: FACS 0x000000002FFF0200 000040
Nov  2 05:54:29 ladiesman461-laptop kernel: [    0.000000] ACPI: FACS 0x000000002FFF0200 000040
